Archive member included to satisfy reference by file (symbol)

/usr/lib/gcc/arm-none-eabi/10.3.1/../../../arm-none-eabi/lib/thumb/v6-m/nofp/libstdc++.a(functexcept.o)
                              CMakeFiles/pico_rectangle_ult_2ip_with_reac.dir/src/other/runtime_remapping_mode.cpp.obj (std::__throw_bad_alloc())
/usr/lib/gcc/arm-none-eabi/10.3.1/../../../arm-none-eabi/lib/thumb/v6-m/nofp/libstdc++.a(functional.o)
                              CMakeFiles/pico_rectangle_ult_2ip_with_reac.dir/src/communication_protocols/joybus.cpp.obj (std::__throw_bad_function_call())
/usr/lib/gcc/arm-none-eabi/10.3.1/../../../arm-none-eabi/lib/thumb/v6-m/nofp/libstdc++.a(snprintf_lite.o)
                              /usr/lib/gcc/arm-none-eabi/10.3.1/../../../arm-none-eabi/lib/thumb/v6-m/nofp/libstdc++.a(functexcept.o) (__gnu_cxx::__snprintf_lite(char*, unsigned int, char const*, std::__va_list))
/usr/lib/gcc/arm-none-eabi/10.3.1/../../../arm-none-eabi/lib/thumb/v6-m/nofp/libstdc++.a(bad_alloc.o)
                              /usr/lib/gcc/arm-none-eabi/10.3.1/../../../arm-none-eabi/lib/thumb/v6-m/nofp/libstdc++.a(functexcept.o) (std::bad_alloc::~bad_alloc())
/usr/lib/gcc/arm-none-eabi/10.3.1/../../../arm-none-eabi/lib/thumb/v6-m/nofp/libstdc++.a(bad_cast.o)
                              /usr/lib/gcc/arm-none-eabi/10.3.1/../../../arm-none-eabi/lib/thumb/v6-m/nofp/libstdc++.a(functexcept.o) (std::bad_cast::~bad_cast())
/usr/lib/gcc/arm-none-eabi/10.3.1/../../../arm-none-eabi/lib/thumb/v6-m/nofp/libstdc++.a(bad_typeid.o)
                              /usr/lib/gcc/arm-none-eabi/10.3.1/../../../arm-none-eabi/lib/thumb/v6-m/nofp/libstdc++.a(functexcept.o) (std::bad_typeid::~bad_typeid())
/usr/lib/gcc/arm-none-eabi/10.3.1/../../../arm-none-eabi/lib/thumb/v6-m/nofp/libstdc++.a(eh_alloc.o)
                              /usr/lib/gcc/arm-none-eabi/10.3.1/../../../arm-none-eabi/lib/thumb/v6-m/nofp/libstdc++.a(functexcept.o) (__cxa_allocate_exception)
/usr/lib/gcc/arm-none-eabi/10.3.1/../../../arm-none-eabi/lib/thumb/v6-m/nofp/libstdc++.a(eh_arm.o)
                              /usr/lib/gcc/arm-none-eabi/10.3.1/../../../arm-none-eabi/lib/thumb/v6-m/nofp/libstdc++.a(functexcept.o) (__cxa_end_cleanup)
/usr/lib/gcc/arm-none-eabi/10.3.1/../../../arm-none-eabi/lib/thumb/v6-m/nofp/libstdc++.a(eh_exception.o)
                              /usr/lib/gcc/arm-none-eabi/10.3.1/../../../arm-none-eabi/lib/thumb/v6-m/nofp/libstdc++.a(functional.o) (std::exception::~exception())
/usr/lib/gcc/arm-none-eabi/10.3.1/../../../arm-none-eabi/lib/thumb/v6-m/nofp/libstdc++.a(eh_globals.o)
                              /usr/lib/gcc/arm-none-eabi/10.3.1/../../../arm-none-eabi/lib/thumb/v6-m/nofp/libstdc++.a(eh_arm.o) (__cxa_get_globals)
/usr/lib/gcc/arm-none-eabi/10.3.1/../../../arm-none-eabi/lib/thumb/v6-m/nofp/libstdc++.a(eh_personality.o)
                              /usr/lib/gcc/arm-none-eabi/10.3.1/../../../arm-none-eabi/lib/thumb/v6-m/nofp/libstdc++.a(functexcept.o) (__gxx_personality_v0)
/usr/lib/gcc/arm-none-eabi/10.3.1/../../../arm-none-eabi/lib/thumb/v6-m/nofp/libstdc++.a(eh_terminate.o)
                              /usr/lib/gcc/arm-none-eabi/10.3.1/../../../arm-none-eabi/lib/thumb/v6-m/nofp/libstdc++.a(eh_alloc.o) (std::terminate())
/usr/lib/gcc/arm-none-eabi/10.3.1/../../../arm-none-eabi/lib/thumb/v6-m/nofp/libstdc++.a(eh_throw.o)
                              /usr/lib/gcc/arm-none-eabi/10.3.1/../../../arm-none-eabi/lib/thumb/v6-m/nofp/libstdc++.a(functexcept.o) (__cxa_throw)
/usr/lib/gcc/arm-none-eabi/10.3.1/../../../arm-none-eabi/lib/thumb/v6-m/nofp/libstdc++.a(eh_unex_handler.o)
                              /usr/lib/gcc/arm-none-eabi/10.3.1/../../../arm-none-eabi/lib/thumb/v6-m/nofp/libstdc++.a(eh_terminate.o) (__cxxabiv1::__unexpected_handler)
/usr/lib/gcc/arm-none-eabi/10.3.1/../../../arm-none-eabi/lib/thumb/v6-m/nofp/libstdc++.a(pure.o)
                              /usr/lib/gcc/arm-none-eabi/10.3.1/../../../arm-none-eabi/lib/thumb/v6-m/nofp/libstdc++.a(eh_exception.o) (__cxa_pure_virtual)
/usr/lib/gcc/arm-none-eabi/10.3.1/../../../arm-none-eabi/lib/thumb/v6-m/nofp/libstdc++.a(si_class_type_info.o)
                              /usr/lib/gcc/arm-none-eabi/10.3.1/../../../arm-none-eabi/lib/thumb/v6-m/nofp/libstdc++.a(functional.o) (vtable for __cxxabiv1::__si_class_type_info)
/usr/lib/gcc/arm-none-eabi/10.3.1/../../../arm-none-eabi/lib/thumb/v6-m/nofp/libstdc++.a(tinfo.o)
                              /usr/lib/gcc/arm-none-eabi/10.3.1/../../../arm-none-eabi/lib/thumb/v6-m/nofp/libstdc++.a(si_class_type_info.o) (std::type_info::__is_pointer_p() const)
/usr/lib/gcc/arm-none-eabi/10.3.1/../../../arm-none-eabi/lib/thumb/v6-m/nofp/libstdc++.a(stdexcept.o)
                              /usr/lib/gcc/arm-none-eabi/10.3.1/../../../arm-none-eabi/lib/thumb/v6-m/nofp/libstdc++.a(functexcept.o) (std::runtime_error::~runtime_error())
/usr/lib/gcc/arm-none-eabi/10.3.1/../../../arm-none-eabi/lib/thumb/v6-m/nofp/libstdc++.a(cow-stdexcept.o)
[...]
Memory Configuration

Name             Origin             Length             Attributes
FLASH            0x0000000010000000 0x0000000000200000 xr
RAM              0x0000000020000000 0x0000000000040000 xrw
SCRATCH_X        0x0000000020040000 0x0000000000001000 xrw
SCRATCH_Y        0x0000000020041000 0x0000000000001000 xrw
*default*        0x0000000000000000 0xffffffffffffffff

Linker script and memory map

LOAD /usr/lib/gcc/arm-none-eabi/10.3.1/thumb/v6-m/nofp/crti.o
LOAD /usr/lib/gcc/arm-none-eabi/10.3.1/thumb/v6-m/nofp/crtbegin.o
LOAD /usr/lib/gcc/arm-none-eabi/10.3.1/../../../arm-none-eabi/lib/thumb/v6-m/nofp/crt0.o

.flash_begin    0x0000000010000000        0x0
                0x0000000010000000                __flash_binary_start = .

.boot2          0x0000000010000000      0x100
                0x0000000010000000                __boot2_start__ = .
 *(.boot2)
 .boot2         0x0000000010000000      0x100 /tmp/ccSHodTQ.o
                0x0000000010000100                __boot2_end__ = .
                0x0000000000000001                ASSERT (((__boot2_end__ - __boot2_start__) == 0x100), ERROR: Pico second stage bootloader must be 256 bytes in size)

.text           0x0000000010000100     0xa880
                0x0000000010000100                __logical_binary_start = .
 *(.vectors)
 .vectors       0x0000000010000100       0xd4 CMakeFiles/pico_rectangle_ult_2ip_with_reac.dir/home/ncauwet/code/pico/pico-sdk/src/rp2_common/pico_standard_link/crt0.S.obj
                0x0000000010000100                __vectors
                0x0000000010000100                __VECTOR_TABLE
                0x00000000100001c0                isr_invalid
                0x00000000100001c0                __default_isrs_start
                0x00000000100001c2                isr_nmi
                0x00000000100001c4                isr_hardfault
                0x00000000100001c6                isr_svcall
                0x00000000100001c8                isr_pendsv
                0x00000000100001ca                isr_systick
                0x00000000100001cc                isr_irq30
                0x00000000100001cc                __unhandled_user_irq
                0x00000000100001cc                isr_irq13
                0x00000000100001cc                isr_irq27
                0x00000000100001cc                isr_irq31
                0x00000000100001cc                isr_irq5
                0x00000000100001cc                isr_irq11
                0x00000000100001cc                isr_irq23
                0x00000000100001cc                isr_irq18
                0x00000000100001cc                isr_irq28
                0x00000000100001cc                isr_irq19
                0x00000000100001cc                isr_irq0
                0x00000000100001cc                isr_irq6
                0x00000000100001cc                isr_irq22
                0x00000000100001cc                isr_irq17
                0x00000000100001cc                isr_irq14
                0x00000000100001cc                isr_irq2
                0x00000000100001cc                isr_irq10
                0x00000000100001cc                isr_irq8
                0x00000000100001cc                isr_irq24
                0x00000000100001cc                isr_irq1
                0x00000000100001cc                isr_irq7
                0x00000000100001cc                isr_irq21
                0x00000000100001cc                isr_irq20
                0x00000000100001cc                isr_irq15
                0x00000000100001cc                isr_irq25
                0x00000000100001cc                isr_irq4
                0x00000000100001cc                isr_irq16
                0x00000000100001cc                isr_irq29
                0x00000000100001cc                isr_irq26
                0x00000000100001cc                __default_isrs_end
                0x00000000100001cc                isr_irq3
                0x00000000100001cc                isr_irq12
                0x00000000100001cc                isr_irq9
                0x00000000100001d2                unhandled_user_irq_num_in_r0
 *(.binary_info_header)
 .binary_info_header
                0x00000000100001d4       0x14 CMakeFiles/pico_rectangle_ult_2ip_with_reac.dir/home/ncauwet/code/pico/pico-sdk/src/rp2_common/pico_standard_link/crt0.S.obj
                0x00000000100001e8                __binary_info_header_end = .
 *(.reset)
 .reset         0x00000000100001e8       0xa8 CMakeFiles/pico_rectangle_ult_2ip_with_reac.dir/home/ncauwet/code/pico/pico-sdk/src/rp2_common/pico_standard_link/crt0.S.obj
                0x00000000100001e8                _entry_point
                0x0000000010000266                __get_current_exception
 .reset         0x0000000010000290       0x30 CMakeFiles/pico_rectangle_ult_2ip_with_reac.dir/home/ncauwet/code/pico/pico-sdk/src/rp2_common/pico_standard_link/binary_info.c.obj
 *(.init)
 .init          0x00000000100002c0        0x4 /usr/lib/gcc/arm-none-eabi/10.3.1/thumb/v6-m/nofp/crti.o
                0x00000000100002c0                _init
 *(EXCLUDE_FILE(*libm.a: *libc.a:*lib_a-mem*.o *libgcc.a:) .text*)
 .text          0x00000000100002c4       0x98 /usr/lib/gcc/arm-none-eabi/10.3.1/thumb/v6-m/nofp/crtbegin.o
 .text._ZNSt17_Function_handlerIF8GCReportvEZ4mainEUlvE_E10_M_managerERSt9_Any_dataRKS4_St18_Manager_operation
                0x000000001000035c        0xc CMakeFiles/pico_rectangle_ult_2ip_with_reac.dir/src/main.cpp.obj
 .text._ZNSt17_Function_handlerIF8GCReportvEZ4mainEUlvE0_E10_M_managerERSt9_Any_dataRKS4_St18_Manager_operation
                0x0000000010000368        0xc CMakeFiles/pico_rectangle_ult_2ip_with_reac.dir/src/main.cpp.obj
 .text._ZNSt17_Function_handlerIF8GCReportvEZ4mainEUlvE1_E10_M_managerERSt9_Any_dataRKS4_St18_Manager_operation
                0x0000000010000374        0xc CMakeFiles/pico_rectangle_ult_2ip_with_reac.dir/src/main.cpp.obj
 .text._ZZ4mainENUlvE13_4_FUNEv
                0x0000000010000380       0x2c CMakeFiles/pico_rectangle_ult_2ip_with_reac.dir/src/main.cpp.obj
 .text._ZZ4mainENUlvE12_4_FUNEv
                0x00000000100003ac       0x20 CMakeFiles/pico_rectangle_ult_2ip_with_reac.dir/src/main.cpp.obj
 .text._ZZ4mainENUlvE11_4_FUNEv
                0x00000000100003cc       0x20 CMakeFiles/pico_rectangle_ult_2ip_with_reac.dir/src/main.cpp.obj
 .text._ZZ4mainENUlvE10_4_FUNEv
                0x00000000100003ec       0x2c CMakeFiles/pico_rectangle_ult_2ip_with_reac.dir/src/main.cpp.obj
 .text._ZZ4mainENUlvE9_4_FUNEv
                0x0000000010000418       0x2c CMakeFiles/pico_rectangle_ult_2ip_with_reac.dir/src/main.cpp.obj
 .text._ZZ4mainENUlvE8_4_FUNEv
                0x0000000010000444       0x2c CMakeFiles/pico_rectangle_ult_2ip_with_reac.dir/src/main.cpp.obj
 .text._ZZ4mainENUlvE7_4_FUNEv
                0x0000000010000470       0x2c CMakeFiles/pico_rectangle_ult_2ip_with_reac.dir/src/main.cpp.obj
 .text._ZZ4mainENUlvE6_4_FUNEv
                0x000000001000049c       0x28 CMakeFiles/pico_rectangle_ult_2ip_with_reac.dir/src/main.cpp.obj
 .text._ZZ4mainENUlvE5_4_FUNEv
                0x00000000100004c4       0x28 CMakeFiles/pico_rectangle_ult_2ip_with_reac.dir/src/main.cpp.obj
 .text._ZZ4mainENUlvE4_4_FUNEv
                0x00000000100004ec       0x28 CMakeFiles/pico_rectangle_ult_2ip_with_reac.dir/src/main.cpp.obj
 .text._ZZ4mainENUlvE3_4_FUNEv
                0x0000000010000514       0x20 CMakeFiles/pico_rectangle_ult_2ip_with_reac.dir/src/main.cpp.obj
 .text._ZZ4mainENUlvE2_4_FUNEv
                0x0000000010000534       0x28 CMakeFiles/pico_rectangle_ult_2ip_with_reac.dir/src/main.cpp.obj
 .text._ZNSt17_Function_handlerIF8GCReportvEZ4mainEUlvE1_E9_M_invokeERKSt9_Any_data
                0x000000001000055c       0x28 CMakeFiles/pico_rectangle_ult_2ip_with_reac.dir/src/main.cpp.obj
 .text._ZNSt17_Function_handlerIF8GCReportvEZ4mainEUlvE0_E9_M_invokeERKSt9_Any_data
                0x0000000010000584       0x28 CMakeFiles/pico_rectangle_ult_2ip_with_reac.dir/src/main.cpp.obj
 .text._ZNSt17_Function_handlerIF8GCReportvEZ4mainEUlvE_E9_M_invokeERKSt9_Any_data
                0x00000000100005ac       0x28 CMakeFiles/pico_rectangle_ult_2ip_with_reac.dir/src/main.cpp.obj
 .text._ZZ4mainENUlvE14_4_FUNEv
                0x00000000100005d4       0x2c CMakeFiles/pico_rectangle_ult_2ip_with_reac.dir/src/main.cpp.obj
 .text.startup.main
                0x0000000010000600      0x2e0 CMakeFiles/pico_rectangle_ult_2ip_with_reac.dir/src/main.cpp.obj
                0x0000000010000600                main
 .text._ZN22CommunicationProtocols6Joybus9enterModeEiSt8functionIF8GCReportvEE
                0x00000000100008e0      0x4b4 CMakeFiles/pico_rectangle_ult_2ip_with_reac.dir/src/communication_protocols/joybus.cpp.obj
                0x00000000100008e0                CommunicationProtocols::Joybus::enterMode(int, std::function<GCReport ()>)
 .text._Z13ep_in_handlerPht
                0x0000000010000d94        0xc CMakeFiles/pico_rectangle_ult_2ip_with_reac.dir/src/communication_protocols/usb.cpp.obj
                0x0000000010000d94                ep_in_handler(unsigned char*, unsigned short)
 .text._Z15ep0_out_handlerPht
                0x0000000010000da0        0x4 CMakeFiles/pico_rectangle_ult_2ip_with_reac.dir/src/communication_protocols/usb.cpp.obj
                0x0000000010000da0                ep0_out_handler(unsigned char*, unsigned short)
 .text._Z18usb_start_transferP26usb_endpoint_configurationPKht
                0x0000000010000da4      0x24c CMakeFiles/pico_rectangle_ult_2ip_with_reac.dir/src/communication_protocols/usb.cpp.obj
                0x0000000010000da4                usb_start_transfer(usb_endpoint_configuration*, unsigned char const*, unsigned short)
 .text._Z14ep0_in_handlerPht
                0x0000000010000ff0      0x334 CMakeFiles/pico_rectangle_ult_2ip_with_reac.dir/src/communication_protocols/usb.cpp.obj
                0x0000000010000ff0                ep0_in_handler(unsigned char*, unsigned short)
 .text._Z14ep_out_handlerPht
                0x0000000010001324      0x1a0 CMakeFiles/pico_rectangle_ult_2ip_with_reac.dir/src/communication_protocols/usb.cpp.obj
                0x0000000010001324                ep_out_handler(unsigned char*, unsigned short)
 .text._Z28usb_handle_config_descriptorPV16usb_setup_packet
                0x00000000100014c4      0x214 CMakeFiles/pico_rectangle_ult_2ip_with_reac.dir/src/communication_protocols/usb.cpp.obj
                0x00000000100014c4                usb_handle_config_descriptor(usb_setup_packet volatile*)
 .text._Z28usb_handle_string_descriptorPV16usb_setup_packet
                0x00000000100016d8      0x21c CMakeFiles/pico_rectangle_ult_2ip_with_reac.dir/src/communication_protocols/usb.cpp.obj
                0x00000000100016d8                usb_handle_string_descriptor(usb_setup_packet volatile*)
 .text._Z44usb_handle_extended_compatibility_descriptorPV16usb_setup_packet
                0x00000000100018f4      0x338 CMakeFiles/pico_rectangle_ult_2ip_with_reac.dir/src/communication_protocols/usb.cpp.obj
                0x00000000100018f4                usb_handle_extended_compatibility_descriptor(usb_setup_packet volatile*)
 .text._Z23usb_handle_setup_packetv
                0x0000000010001c2c      0xf90 CMakeFiles/pico_rectangle_ult_2ip_with_reac.dir/src/communication_protocols/usb.cpp.obj
                0x0000000010001c2c                usb_handle_setup_packet()
 .text._Z22usb_handle_buff_statusv
                0x0000000010002bbc       0xa8 CMakeFiles/pico_rectangle_ult_2ip_with_reac.dir/src/communication_protocols/usb.cpp.obj
                0x0000000010002bbc                usb_handle_buff_status()
 .text._Z10my_usb_isrv
                0x0000000010002c64       0x84 CMakeFiles/pico_rectangle_ult_2ip_with_reac.dir/src/communication_protocols/usb.cpp.obj
                0x0000000010002c64                my_usb_isr()
 .text._Z15usb_device_initv
                0x0000000010002ce8       0xb0 CMakeFiles/pico_rectangle_ult_2ip_with_reac.dir/src/communication_protocols/usb.cpp.obj
                0x0000000010002ce8                usb_device_init()
 .text._ZN22CommunicationProtocols3USB15inner_enterModeENS0_19ConfigurationNoFuncEi
                0x0000000010002d98      0x3f8 CMakeFiles/pico_rectangle_ult_2ip_with_reac.dir/src/communication_protocols/usb.cpp.obj
                0x0000000010002d98                CommunicationProtocols::USB::inner_enterMode(CommunicationProtocols::USB::ConfigurationNoFunc, int)
 .text._ZN22CommunicationProtocols3USB9enterModeENS0_13ConfigurationEi
                0x0000000010003190      0x1f8 CMakeFiles/pico_rectangle_ult_2ip_with_reac.dir/src/communication_protocols/usb.cpp.obj
                0x0000000010003190                CommunicationProtocols::USB::enterMode(CommunicationProtocols::USB::Configuration, int)
 .text._ZN22CommunicationProtocols3USB9enterModeENS0_19ConfigurationNoFuncENS0_8FuncsDOPEi
                0x0000000010003388      0x2ac CMakeFiles/pico_rectangle_ult_2ip_with_reac.dir/src/communication_protocols/usb.cpp.obj
                0x0000000010003388                CommunicationProtocols::USB::enterMode(CommunicationProtocols::USB::ConfigurationNoFunc, CommunicationProtocols::USB::FuncsDOP, int)
 .text.startup._GLOBAL__sub_I__Z9log_uart0PKc
                0x0000000010003634       0x18 CMakeFiles/pico_rectangle_ult_2ip_with_reac.dir/src/communication_protocols/usb.cpp.obj
 .text._ZN17USBConfigurations15GccToUsbAdapter24actuateReportFromGCStateE8GCReport
                0x000000001000364c       0xbc CMakeFiles/pico_rectangle_ult_2ip_with_reac.dir/src/usb_configurations/gcc_to_usb_adapter.cpp.obj
                0x000000001000364c                USBConfigurations::GccToUsbAdapter::actuateReportFromGCState(GCReport)
 .text._ZN17USBConfigurations15GccToUsbAdapter9enterModeEPFvvE
                0x0000000010003708       0x80 CMakeFiles/pico_rectangle_ult_2ip_with_reac.dir/src/usb_configurations/gcc_to_usb_adapter.cpp.obj
                0x0000000010003708                USBConfigurations::GccToUsbAdapter::enterMode(void (*)())
 .text._ZN17USBConfigurations15GccToUsbAdapter9enterModeEPFvvES2_
                0x0000000010003788       0x4c CMakeFiles/pico_rectangle_ult_2ip_with_reac.dir/src/usb_configurations/gcc_to_usb_adapter.cpp.obj
                0x0000000010003788                USBConfigurations::GccToUsbAdapter::enterMode(void (*)(), void (*)())
 .text._ZN17USBConfigurations15HidWithTriggers24actuateReportFromGCStateERK8GCReport
                0x00000000100037d4      0x158 CMakeFiles/pico_rectangle_ult_2ip_with_reac.dir/src/usb_configurations/hid_with_triggers.cpp.obj
                0x00000000100037d4                USBConfigurations::HidWithTriggers::actuateReportFromGCState(GCReport const&)
 .text._ZN17USBConfigurations15HidWithTriggers9enterModeEPFvvE
                0x000000001000392c       0x7c CMakeFiles/pico_rectangle_ult_2ip_with_reac.dir/src/usb_configurations/hid_with_triggers.cpp.obj
                0x000000001000392c                USBConfigurations::HidWithTriggers::enterMode(void (*)())
 .text._ZN17USBConfigurations12Keyboard8KRO24keyIdFromLowerCaseLetterEc
                0x00000000100039a8        0x8 CMakeFiles/pico_rectangle_ult_2ip_with_reac.dir/src/usb_configurations/keyboard_8kro.cpp.obj
                0x00000000100039a8                USBConfigurations::Keyboard8KRO::keyIdFromLowerCaseLetter(char)
 .text._ZN17USBConfigurations12Keyboard8KRO9enterModeEPFvvE
                0x00000000100039b0       0x7c CMakeFiles/pico_rectangle_ult_2ip_with_reac.dir/src/usb_configurations/keyboard_8kro.cpp.obj
                0x00000000100039b0                USBConfigurations::Keyboard8KRO::enterMode(void (*)())
 .text._ZN17USBConfigurations16WiredFightPadPro24actuateReportFromGCStateE8GCReport
                0x0000000010003a2c       0xdc CMakeFiles/pico_rectangle_ult_2ip_with_reac.dir/src/usb_configurations/wired_fight_pad_pro.cpp.obj
                0x0000000010003a2c                USBConfigurations::WiredFightPadPro::actuateReportFromGCState(GCReport)
 .text._ZN17USBConfigurations16WiredFightPadPro9enterModeEPFvvE
                0x0000000010003b08       0x7c CMakeFiles/pico_rectangle_ult_2ip_with_reac.dir/src/usb_configurations/wired_fight_pad_pro.cpp.obj
                0x0000000010003b08                USBConfigurations::WiredFightPadPro::enterMode(void (*)())
 .text._ZN17USBConfigurations7Xbox36024actuateReportFromGCStateERK8GCReport
                0x0000000010003b84      0x1cc CMakeFiles/pico_rectangle_ult_2ip_with_reac.dir/src/usb_configurations/xbox_360.cpp.obj
                0x0000000010003b84                USBConfigurations::Xbox360::actuateReportFromGCState(GCReport const&)
 .text._ZN17USBConfigurations7Xbox3609enterModeEPFvvE
                0x0000000010003d50       0x6c CMakeFiles/pico_rectangle_ult_2ip_with_reac.dir/src/usb_configurations/xbox_360.cpp.obj
                0x0000000010003d50                USBConfigurations::Xbox360::enterMode(void (*)())
 .text._ZN13DACAlgorithms7MeleeF111getGCReportEN16GpioToButtonSets2F19ButtonSetE
                0x0000000010003dbc      0x734 CMakeFiles/pico_rectangle_ult_2ip_with_reac.dir/src/dac_algorithms/melee_F1.cpp.obj
                0x0000000010003dbc                DACAlgorithms::MeleeF1::getGCReport(GpioToButtonSets::F1::ButtonSet)
 .text._ZN13DACAlgorithms13ProjectPlusF111getGCReportEN16GpioToButtonSets2F19ButtonSetE
                0x00000000100044f0      0x630 CMakeFiles/pico_rectangle_ult_2ip_with_reac.dir/src/dac_algorithms/project_plus_F1.cpp.obj
                0x00000000100044f0                DACAlgorithms::ProjectPlusF1::getGCReport(GpioToButtonSets::F1::ButtonSet)
 .text._ZN13DACAlgorithms10UltimateF111getGCReportEN16GpioToButtonSets2F19ButtonSetE
                0x0000000010004b20      0x498 CMakeFiles/pico_rectangle_ult_2ip_with_reac.dir/src/dac_algorithms/ultimate_F1.cpp.obj
                0x0000000010004b20                DACAlgorithms::UltimateF1::getGCReport(GpioToButtonSets::F1::ButtonSet)
 .text._ZN13DACAlgorithms10SetOf8Keys18actuate8KeysReportEN16GpioToButtonSets2F19ButtonSetE
                0x0000000010004fb8       0x54 CMakeFiles/pico_rectangle_ult_2ip_with_reac.dir/src/dac_algorithms/set_of_8_keys.cpp.obj
                0x0000000010004fb8                DACAlgorithms::SetOf8Keys::actuate8KeysReport(GpioToButtonSets::F1::ButtonSet)
 .text.startup._GLOBAL__sub_I__ZN13DACAlgorithms10SetOf8Keys9log_uart0EPKc
                0x000000001000500c      0x124 CMakeFiles/pico_rectangle_ult_2ip_with_reac.dir/src/dac_algorithms/set_of_8_keys.cpp.obj
 .text._ZN13DACAlgorithms23WiredFightPadProDefault17actuateWFPPReportEN16GpioToButtonSets2F19ButtonSetE
                0x0000000010005130      0x3a4 CMakeFiles/pico_rectangle_ult_2ip_with_reac.dir/src/dac_algorithms/wired_fight_pad_pro_default.cpp.obj
                0x0000000010005130                DACAlgorithms::WiredFightPadProDefault::actuateWFPPReport(GpioToButtonSets::F1::ButtonSet)
 .text._ZN13DACAlgorithms7Xbox36020actuateXbox360ReportEN16GpioToButtonSets2F19ButtonSetE
                0x00000000100054d4      0x270 CMakeFiles/pico_rectangle_ult_2ip_with_reac.dir/src/dac_algorithms/xbox_360.cpp.obj
                0x00000000100054d4                DACAlgorithms::Xbox360::actuateXbox360Report(GpioToButtonSets::F1::ButtonSet)
 .text._ZN16GpioToButtonSets2F117defaultConversionEv
                0x0000000010005744       0xd0 CMakeFiles/pico_rectangle_ult_2ip_with_reac.dir/src/gpio_to_button_sets/F1.cpp.obj
                0x0000000010005744                GpioToButtonSets::F1::defaultConversion()
 .text.startup._GLOBAL__sub_I__ZN16GpioToButtonSets2F18remappedE
                0x0000000010005814       0xd8 CMakeFiles/pico_rectangle_ult_2ip_with_reac.dir/src/gpio_to_button_sets/F1.cpp.obj
 .text._ZNSt6vectorImSaImEE17_M_realloc_insertIJRKmEEEvN9__gnu_cxx17__normal_iteratorIPmS1_EEDpOT_
                0x00000000100058ec       0xf0 CMakeFiles/pico_rectangle_ult_2ip_with_reac.dir/src/other/runtime_remapping_mode.cpp.obj
                0x00000000100058ec                void std::vector<unsigned long, std::allocator<unsigned long> >::_M_realloc_insert<unsigned long const&>(__gnu_cxx::__normal_iterator<unsigned long*, std::vector<unsigned long, std::allocator<unsigned long> > >, unsigned long const&)
 .text._ZN11Persistence9commitPtrINS_5Pages16RuntimeRemappingEEEvPKT_
                0x00000000100059dc       0x44 CMakeFiles/pico_rectangle_ult_2ip_with_reac.dir/src/other/runtime_remapping_mode.cpp.obj
                0x00000000100059dc                void Persistence::commitPtr<Persistence::Pages::RuntimeRemapping>(Persistence::Pages::RuntimeRemapping const*)
 .text._ZN5Other25enterRuntimeRemappingModeEv
                0x0000000010005a20      0x284 CMakeFiles/pico_rectangle_ult_2ip_with_reac.dir/src/other/runtime_remapping_mode.cpp.obj
                0x0000000010005a20                Other::enterRuntimeRemappingMode()
 .text.set_sys_clock_pll
                0x0000000010005ca4       0x78 CMakeFiles/pico_rectangle_ult_2ip_with_reac.dir/home/ncauwet/code/pico/pico-sdk/src/rp2_common/pico_stdlib/stdlib.c.obj
                0x0000000010005ca4                set_sys_clock_pll
 .text.check_sys_clock_khz
                0x0000000010005d1c      0x178 CMakeFiles/pico_rectangle_ult_2ip_with_reac.dir/home/ncauwet/code/pico/pico-sdk/src/rp2_common/pico_stdlib/stdlib.c.obj
                0x0000000010005d1c                check_sys_clock_khz
 .text.gpio_set_function
                0x0000000010005e94       0x30 CMakeFiles/pico_rectangle_ult_2ip_with_reac.dir/home/ncauwet/code/pico/pico-sdk/src/rp2_common/hardware_gpio/gpio.c.obj
                0x0000000010005e94                gpio_set_function
 .text.gpio_set_pulls
                0x0000000010005ec4       0x30 CMakeFiles/pico_rectangle_ult_2ip_with_reac.dir/home/ncauwet/code/pico/pico-sdk/src/rp2_common/hardware_gpio/gpio.c.obj
                0x0000000010005ec4                gpio_set_pulls
 .text.gpio_init
                0x0000000010005ef4       0x3c CMakeFiles/pico_rectangle_ult_2ip_with_reac.dir/home/ncauwet/code/pico/pico-sdk/src/rp2_common/hardware_gpio/gpio.c.obj
                0x0000000010005ef4                gpio_init
 .text.hw_claim_lock
                0x0000000010005f30       0x18 CMakeFiles/pico_rectangle_ult_2ip_with_reac.dir/home/ncauwet/code/pico/pico-sdk/src/rp2_common/hardware_claim/claim.c.obj
                0x0000000010005f30                hw_claim_lock
 .text.hw_claim_unlock
                0x0000000010005f48       0x14 CMakeFiles/pico_rectangle_ult_2ip_with_reac.dir/home/ncauwet/code/pico/pico-sdk/src/rp2_common/hardware_claim/claim.c.obj
                0x0000000010005f48                hw_claim_unlock
 .text.hw_claim_or_assert
                0x0000000010005f5c       0x44 CMakeFiles/pico_rectangle_ult_2ip_with_reac.dir/home/ncauwet/code/pico/pico-sdk/src/rp2_common/hardware_claim/claim.c.obj
                0x0000000010005f5c                hw_claim_or_assert
 .text.running_on_fpga
                0x0000000010005fa0       0x10 CMakeFiles/pico_rectangle_ult_2ip_with_reac.dir/home/ncauwet/code/pico/pico-sdk/src/rp2_common/pico_platform/platform.c.obj
                0x0000000010005fa0                running_on_fpga
 .text.spin_locks_reset
                0x0000000010005fb0       0x1c CMakeFiles/pico_rectangle_ult_2ip_with_reac.dir/home/ncauwet/code/pico/pico-sdk/src/rp2_common/hardware_sync/sync.c.obj
                0x0000000010005fb0                spin_locks_reset
 .text.next_striped_spin_lock_num
                0x0000000010005fcc       0x18 CMakeFiles/pico_rectangle_ult_2ip_with_reac.dir/home/ncauwet/code/pico/pico-sdk/src/rp2_common/hardware_sync/sync.c.obj
                0x0000000010005fcc                next_striped_spin_lock_num
 .text.irq_set_enabled
                0x0000000010005fe4       0x24 CMakeFiles/pico_rectangle_ult_2ip_with_reac.dir/home/ncauwet/code/pico/pico-sdk/src/rp2_common/hardware_irq/irq.c.obj
                0x0000000010005fe4                irq_set_enabled
 .text.irq_get_vtable_handler
                0x0000000010006008       0x10 CMakeFiles/pico_rectangle_ult_2ip_with_reac.dir/home/ncauwet/code/pico/pico-sdk/src/rp2_common/hardware_irq/irq.c.obj
                0x0000000010006008                irq_get_vtable_handler
 .text.irq_set_exclusive_handler
                0x0000000010006018       0x54 CMakeFiles/pico_rectangle_ult_2ip_with_reac.dir/home/ncauwet/code/pico/pico-sdk/src/rp2_common/hardware_irq/irq.c.obj
                0x0000000010006018                irq_set_exclusive_handler
 .text.irq_remove_handler
                0x000000001000606c      0x1b4 CMakeFiles/pico_rectangle_ult_2ip_with_reac.dir/home/ncauwet/code/pico/pico-sdk/src/rp2_common/hardware_irq/irq.c.obj
                0x000000001000606c                irq_remove_handler
 .text.irq_add_tail_to_free_list
                0x0000000010006220       0xb4 CMakeFiles/pico_rectangle_ult_2ip_with_reac.dir/home/ncauwet/code/pico/pico-sdk/src/rp2_common/hardware_irq/irq.c.obj
                0x0000000010006220                irq_add_tail_to_free_list
 .text.irq_init_priorities
                0x00000000100062d4       0x24 CMakeFiles/pico_rectangle_ult_2ip_with_reac.dir/home/ncauwet/code/pico/pico-sdk/src/rp2_common/hardware_irq/irq.c.obj
                0x00000000100062d4                irq_init_priorities
 .text.lock_init
                0x00000000100062f8       0x10 CMakeFiles/pico_rectangle_ult_2ip_with_reac.dir/home/ncauwet/code/pico/pico-sdk/src/common/pico_sync/lock_core.c.obj
                0x00000000100062f8                lock_init
 .text.timer_pool_entry_comparator
                0x0000000010006308       0x34 CMakeFiles/pico_rectangle_ult_2ip_with_reac.dir/home/ncauwet/code/pico/pico-sdk/src/common/pico_time/time.c.obj
                0x0000000010006308                timer_pool_entry_comparator
 .text.sleep_until_callback
                0x000000001000633c       0x30 CMakeFiles/pico_rectangle_ult_2ip_with_reac.dir/home/ncauwet/code/pico/pico-sdk/src/common/pico_time/time.c.obj
 .text.add_alarm_under_lock.isra.0
                0x000000001000636c      0x100 CMakeFiles/pico_rectangle_ult_2ip_with_reac.dir/home/ncauwet/code/pico/pico-sdk/src/common/pico_time/time.c.obj
 .text.alarm_pool_alarm_callback
                0x000000001000646c      0x1c8 CMakeFiles/pico_rectangle_ult_2ip_with_reac.dir/home/ncauwet/code/pico/pico-sdk/src/common/pico_time/time.c.obj
 .text.alarm_pool_add_alarm_at.constprop.0
                0x0000000010006634      0x11c CMakeFiles/pico_rectangle_ult_2ip_with_reac.dir/home/ncauwet/code/pico/pico-sdk/src/common/pico_time/time.c.obj
 .text.alarm_pool_init_default
                0x0000000010006750       0x64 CMakeFiles/pico_rectangle_ult_2ip_with_reac.dir/home/ncauwet/code/pico/pico-sdk/src/common/pico_time/time.c.obj
                0x0000000010006750                alarm_pool_init_default
 .text.sleep_until
                0x00000000100067b4       0xac CMakeFiles/pico_rectangle_ult_2ip_with_reac.dir/home/ncauwet/code/pico/pico-sdk/src/common/pico_time/time.c.obj
                0x00000000100067b4                sleep_until
 .text.sleep_us
                0x0000000010006860       0x30 CMakeFiles/pico_rectangle_ult_2ip_with_reac.dir/home/ncauwet/code/pico/pico-sdk/src/common/pico_time/time.c.obj
                0x0000000010006860                sleep_us
 .text.sleep_ms
                0x0000000010006890       0x38 CMakeFiles/pico_rectangle_ult_2ip_with_reac.dir/home/ncauwet/code/pico/pico-sdk/src/common/pico_time/time.c.obj
                0x0000000010006890                sleep_ms
 .text.hardware_alarm_irq_handler
                0x00000000100068c8       0xb8 CMakeFiles/pico_rectangle_ult_2ip_with_reac.dir/home/ncauwet/code/pico/pico-sdk/src/rp2_common/hardware_timer/timer.c.obj
 .text.hardware_alarm_claim
                0x0000000010006980       0x18 CMakeFiles/pico_rectangle_ult_2ip_with_reac.dir/home/ncauwet/code/pico/pico-sdk/src/rp2_common/hardware_timer/timer.c.obj
                0x0000000010006980                hardware_alarm_claim
 .text.time_us_64
                0x0000000010006998       0x14 CMakeFiles/pico_rectangle_ult_2ip_with_reac.dir/home/ncauwet/code/pico/pico-sdk/src/rp2_common/hardware_timer/timer.c.obj
                0x0000000010006998                time_us_64
 .text.busy_wait_until
                0x00000000100069ac       0x20 CMakeFiles/pico_rectangle_ult_2ip_with_reac.dir/home/ncauwet/code/pico/pico-sdk/src/rp2_common/hardware_timer/timer.c.obj
                0x00000000100069ac                busy_wait_until
 .text.hardware_alarm_set_callback
                0x00000000100069cc       0x8c CMakeFiles/pico_rectangle_ult_2ip_with_reac.dir/home/ncauwet/code/pico/pico-sdk/src/rp2_common/hardware_timer/timer.c.obj
                0x00000000100069cc                hardware_alarm_set_callback
 .text.hardware_alarm_set_target
                0x0000000010006a58       0xe0 CMakeFiles/pico_rectangle_ult_2ip_with_reac.dir/home/ncauwet/code/pico/pico-sdk/src/rp2_common/hardware_timer/timer.c.obj
                0x0000000010006a58                hardware_alarm_set_target
 .text.hardware_alarm_cancel
                0x0000000010006b38       0x3c CMakeFiles/pico_rectangle_ult_2ip_with_reac.dir/home/ncauwet/code/pico/pico-sdk/src/rp2_common/hardware_timer/timer.c.obj
                0x0000000010006b38                hardware_alarm_cancel
 .text.ph_merge_nodes
                0x0000000010006b74       0x68 CMakeFiles/pico_rectangle_ult_2ip_with_reac.dir/home/ncauwet/code/pico/pico-sdk/src/common/pico_util/pheap.c.obj
 .text.ph_post_alloc_init
                0x0000000010006bdc       0x3c CMakeFiles/pico_rectangle_ult_2ip_with_reac.dir/home/ncauwet/code/pico/pico-sdk/src/common/pico_util/pheap.c.obj
                0x0000000010006bdc                ph_post_alloc_init
 .text.ph_merge_two_pass
                0x0000000010006c18       0x90 CMakeFiles/pico_rectangle_ult_2ip_with_reac.dir/home/ncauwet/code/pico/pico-sdk/src/common/pico_util/pheap.c.obj
                0x0000000010006c18                ph_merge_two_pass
 .text.ph_remove_any_head
                0x0000000010006ca8       0xf8 CMakeFiles/pico_rectangle_ult_2ip_with_reac.dir/home/ncauwet/code/pico/pico-sdk/src/common/pico_util/pheap.c.obj
 .text.ph_remove_head
                0x0000000010006da0       0xfc CMakeFiles/pico_rectangle_ult_2ip_with_reac.dir/home/ncauwet/code/pico/pico-sdk/src/common/pico_util/pheap.c.obj
                0x0000000010006da0                ph_remove_head
 .text.ph_remove_and_free_node
                0x0000000010006e9c       0x7c CMakeFiles/pico_rectangle_ult_2ip_with_reac.dir/home/ncauwet/code/pico/pico-sdk/src/common/pico_util/pheap.c.obj
                0x0000000010006e9c                ph_remove_and_free_node
 .text.mutex_init
                0x0000000010006f18       0x1c CMakeFiles/pico_rectangle_ult_2ip_with_reac.dir/home/ncauwet/code/pico/pico-sdk/src/common/pico_sync/mutex.c.obj
                0x0000000010006f18                mutex_init
 .text.recursive_mutex_init
                0x0000000010006f34       0x1c CMakeFiles/pico_rectangle_ult_2ip_with_reac.dir/home/ncauwet/code/pico/pico-sdk/src/common/pico_sync/mutex.c.obj
                0x0000000010006f34                recursive_mutex_init
 .text.uart_init
                0x0000000010006f50       0xe0 CMakeFiles/pico_rectangle_ult_2ip_with_reac.dir/home/ncauwet/code/pico/pico-sdk/src/rp2_common/hardware_uart/uart.c.obj
                0x0000000010006f50                uart_init
 .text.runtime_init
                0x0000000010007030       0xf0 CMakeFiles/pico_rectangle_ult_2ip_with_reac.dir/home/ncauwet/code/pico/pico-sdk/src/rp2_common/pico_runtime/runtime.c.obj
                0x0000000010007030                runtime_init
 .text._exit    0x0000000010007120        0x4 CMakeFiles/pico_rectangle_ult_2ip_with_reac.dir/home/ncauwet/code/pico/pico-sdk/src/rp2_common/pico_runtime/runtime.c.obj
                0x0000000010007120                _exit
 .text._sbrk    0x0000000010007124       0x34 CMakeFiles/pico_rectangle_ult_2ip_with_reac.dir/home/ncauwet/code/pico/pico-sdk/src/rp2_common/pico_runtime/runtime.c.obj
                0x0000000010007124                _sbrk
 .text.exit     0x0000000010007158        0x4 CMakeFiles/pico_rectangle_ult_2ip_with_reac.dir/home/ncauwet/code/pico/pico-sdk/src/rp2_common/pico_runtime/runtime.c.obj
                0x0000000010007158                exit
 .text.panic    0x000000001000715c       0x30 CMakeFiles/pico_rectangle_ult_2ip_with_reac.dir/home/ncauwet/code/pico/pico-sdk/src/rp2_common/pico_runtime/runtime.c.obj
                0x000000001000715c                panic
 .text.hard_assertion_failure
                0x000000001000718c        0xc CMakeFiles/pico_rectangle_ult_2ip_with_reac.dir/home/ncauwet/code/pico/pico-sdk/src/rp2_common/pico_runtime/runtime.c.obj
                0x000000001000718c                hard_assertion_failure
 .text.clock_configure
                0x0000000010007198      0x114 CMakeFiles/pico_rectangle_ult_2ip_with_reac.dir/home/ncauwet/code/pico/pico-sdk/src/rp2_common/hardware_clocks/clocks.c.obj
                0x0000000010007198                clock_configure
 .text.clocks_init
                0x00000000100072ac      0x2bc CMakeFiles/pico_rectangle_ult_2ip_with_reac.dir/home/ncauwet/code/pico/pico-sdk/src/rp2_common/hardware_clocks/clocks.c.obj
                0x00000000100072ac                clocks_init
 .text.clock_get_hz
                0x0000000010007568        0xc CMakeFiles/pico_rectangle_ult_2ip_with_reac.dir/home/ncauwet/code/pico/pico-sdk/src/rp2_common/hardware_clocks/clocks.c.obj
                0x0000000010007568                clock_get_hz
 .text.pll_init
                0x0000000010007574       0xb0 CMakeFiles/pico_rectangle_ult_2ip_with_reac.dir/home/ncauwet/code/pico/pico-sdk/src/rp2_common/hardware_pll/pll.c.obj
                0x0000000010007574                pll_init
 .text.watchdog_start_tick
                0x0000000010007624       0x10 CMakeFiles/pico_rectangle_ult_2ip_with_reac.dir/home/ncauwet/code/pico/pico-sdk/src/rp2_common/hardware_watchdog/watchdog.c.obj
                0x0000000010007624                watchdog_start_tick
 .text.xosc_init
                0x0000000010007634       0x28 CMakeFiles/pico_rectangle_ult_2ip_with_reac.dir/home/ncauwet/code/pico/pico-sdk/src/rp2_common/hardware_xosc/xosc.c.obj
                0x0000000010007634                xosc_init
 .text._out_char
                0x000000001000765c       0x10 CMakeFiles/pico_rectangle_ult_2ip_with_reac.dir/home/ncauwet/code/pico/pico-sdk/src/rp2_common/pico_printf/printf.c.obj
 .text.weak_raw_vprintf
                0x000000001000766c       0x30 CMakeFiles/pico_rectangle_ult_2ip_with_reac.dir/home/ncauwet/code/pico/pico-sdk/src/rp2_common/pico_printf/printf.c.obj
                0x000000001000766c                weak_raw_vprintf
 .text          0x000000001000769c       0x10 CMakeFiles/pico_rectangle_ult_2ip_with_reac.dir/home/ncauwet/code/pico/pico-sdk/src/rp2_common/pico_bit_ops/bit_ops_aeabi.S.obj
 .text.rom_func_lookup
                0x00000000100076ac       0x10 CMakeFiles/pico_rectangle_ult_2ip_with_reac.dir/home/ncauwet/code/pico/pico-sdk/src/rp2_common/pico_bootrom/bootrom.c.obj
                0x00000000100076ac                rom_func_lookup
 .text.rom_data_lookup
                0x00000000100076bc       0x10 CMakeFiles/pico_rectangle_ult_2ip_with_reac.dir/home/ncauwet/code/pico/pico-sdk/src/rp2_common/pico_bootrom/bootrom.c.obj
                0x00000000100076bc                rom_data_lookup
 .text.rom_funcs_lookup
                0x00000000100076cc       0x44 CMakeFiles/pico_rectangle_ult_2ip_with_reac.dir/home/ncauwet/code/pico/pico-sdk/src/rp2_common/pico_bootrom/bootrom.c.obj
                0x00000000100076cc                rom_funcs_lookup
 .text.__wrap___aeabi_idiv
                0x0000000010007710       0x50 CMakeFiles/pico_rectangle_ult_2ip_with_reac.dir/home/ncauwet/code/pico/pico-sdk/src/rp2_common/pico_divider/divider.S.obj
                0x0000000010007710                __wrap___aeabi_idivmod
                0x0000000010007710                divmod_s32s32
                0x0000000010007710                div_s32s32
                0x0000000010007710                __wrap___aeabi_idiv
                0x0000000010007718                divmod_s32s32_unsafe
                0x0000000010007744                divmod_s32s32_savestate
 .text.__wrap___aeabi_uidiv
                0x0000000010007760       0x4c CMakeFiles/pico_rectangle_ult_2ip_with_reac.dir/home/ncauwet/code/pico/pico-sdk/src/rp2_common/pico_divider/divider.S.obj
                0x0000000010007760                __wrap___aeabi_uidiv
                0x0000000010007760                __wrap___aeabi_uidivmod
                0x0000000010007760                div_u32u32
                0x0000000010007760                divmod_u32u32
                0x0000000010007768                divmod_u32u32_unsafe
                0x0000000010007790                divmod_u32u32_savestate
 .text.__wrap___aeabi_ldiv
                0x00000000100077ac      0x434 CMakeFiles/pico_rectangle_ult_2ip_with_reac.dir/home/ncauwet/code/pico/pico-sdk/src/rp2_common/pico_divider/divider.S.obj
                0x00000000100077ac                div_s64s64
                0x00000000100077ac                divmod_s64s64
                0x00000000100077ac                __wrap___aeabi_ldivmod
                0x00000000100077e4                div_u64u64
                0x00000000100077e4                divmod_u64u64
                0x00000000100077e4                __wrap___aeabi_uldivmod
                0x00000000100077f4                divmod_u64u64_savestate
                0x000000001000781c                divmod_s64s64_unsafe
                0x00000000100078a4                divmod_u64u64_unsafe
 .text.__wrap___aeabi_darithmetic
                0x0000000010007be0       0x80 CMakeFiles/pico_rectangle_ult_2ip_with_reac.dir/home/ncauwet/code/pico/pico-sdk/src/rp2_common/pico_double/double_aeabi.S.obj
                0x0000000010007be0                __wrap___aeabi_drsub
                0x0000000010007be6                __wrap___aeabi_dsub
                0x0000000010007bf8                __wrap___aeabi_dadd
                0x0000000010007c0a                __wrap___aeabi_ddiv
                0x0000000010007c46                __wrap___aeabi_dmul
 .text.__wrap___aeabi_cdcmple
                0x0000000010007c60       0x6c CMakeFiles/pico_rectangle_ult_2ip_with_reac.dir/home/ncauwet/code/pico/pico-sdk/src/rp2_common/pico_double/double_aeabi.S.obj
                0x0000000010007c60                __wrap___aeabi_cdrcmple
                0x0000000010007c70                __wrap___aeabi_cdcmple
                0x0000000010007c70                __wrap___aeabi_cdcmpeq
 .text.__wrap___aeabi_dcmpgt
                0x0000000010007ccc        0xa CMakeFiles/pico_rectangle_ult_2ip_with_reac.dir/home/ncauwet/code/pico/pico-sdk/src/rp2_common/pico_double/double_aeabi.S.obj
                0x0000000010007ccc                __wrap___aeabi_dcmpgt
 *fill*         0x0000000010007cd6        0x2 
 .text.__wrap___aeabi_i2d
                0x0000000010007cd8       0x38 CMakeFiles/pico_rectangle_ult_2ip_with_reac.dir/home/ncauwet/code/pico/pico-sdk/src/rp2_common/pico_double/double_aeabi.S.obj
                0x0000000010007cd8                __wrap___aeabi_ui2d
                0x0000000010007ce0                __wrap___aeabi_i2d
 .text.__wrap___aeabi_d2iz
                0x0000000010007d10       0x48 CMakeFiles/pico_rectangle_ult_2ip_with_reac.dir/home/ncauwet/code/pico/pico-sdk/src/rp2_common/pico_double/double_aeabi.S.obj
                0x0000000010007d10                __wrap___aeabi_d2iz
                0x0000000010007d10                double2int_z
 .text.__aeabi_double_init
                0x0000000010007d58       0x94 CMakeFiles/pico_rectangle_ult_2ip_with_reac.dir/home/ncauwet/code/pico/pico-sdk/src/rp2_common/pico_double/double_init_rom.c.obj
                0x0000000010007d58                __aeabi_double_init
 .text.double_table_shim_on_use_helper
                0x0000000010007dec       0x2c CMakeFiles/pico_rectangle_ult_2ip_with_reac.dir/home/ncauwet/code/pico/pico-sdk/src/rp2_common/pico_double/double_v1_rom_shim.S.obj
                0x0000000010007dec                double_table_shim_on_use_helper
 .text.__wrap___aeabi_dsub
                0x0000000010007e18       0x10 CMakeFiles/pico_rectangle_ult_2ip_with_reac.dir/home/ncauwet/code/pico/pico-sdk/src/rp2_common/pico_double/double_v1_rom_shim.S.obj
                0x0000000010007e18                drsub_shim
                0x0000000010007e1e                dsub_shim
 .text.dadd_shim
                0x0000000010007e28      0x15c CMakeFiles/pico_rectangle_ult_2ip_with_reac.dir/home/ncauwet/code/pico/pico-sdk/src/rp2_common/pico_double/double_v1_rom_shim.S.obj
                0x0000000010007e28                dadd_shim
 .text.dmul_shim
                0x0000000010007f84      0x15c CMakeFiles/pico_rectangle_ult_2ip_with_reac.dir/home/ncauwet/code/pico/pico-sdk/src/rp2_common/pico_double/double_v1_rom_shim.S.obj
                0x0000000010007f84                dmul_shim
 .text.ddiv_shim
                0x00000000100080e0      0x1b0 CMakeFiles/pico_rectangle_ult_2ip_with_reac.dir/home/ncauwet/code/pico/pico-sdk/src/rp2_common/pico_double/double_v1_rom_shim.S.obj
                0x00000000100080e0                ddiv_shim
 .text.__aeabi_lmul
                0x0000000010008290       0x32 CMakeFiles/pico_rectangle_ult_2ip_with_reac.dir/home/ncauwet/code/pico/pico-sdk/src/rp2_common/pico_int64_ops/pico_int64_ops_aeabi.S.obj
                0x0000000010008290                __wrap___aeabi_lmul
 *fill*         0x00000000100082c2        0x2 
 .text.__aeabi_float_init
                0x00000000100082c4       0x64 CMakeFiles/pico_rectangle_ult_2ip_with_reac.dir/home/ncauwet/code/pico/pico-sdk/src/rp2_common/pico_float/float_init_rom.c.obj
                0x00000000100082c4                __aeabi_float_init
 .text.float_table_shim_on_use_helper
                0x0000000010008328       0x2c CMakeFiles/pico_rectangle_ult_2ip_with_reac.dir/home/ncauwet/code/pico/pico-sdk/src/rp2_common/pico_float/float_v1_rom_shim.S.obj
                0x0000000010008328                float_table_shim_on_use_helper
 .text.__wrap_malloc
                0x0000000010008354       0x24 CMakeFiles/pico_rectangle_ult_2ip_with_reac.dir/home/ncauwet/code/pico/pico-sdk/src/rp2_common/pico_malloc/pico_malloc.c.obj
                0x0000000010008354                __wrap_malloc
 .text.__wrap_free
                0x0000000010008378        0x8 CMakeFiles/pico_rectangle_ult_2ip_with_reac.dir/home/ncauwet/code/pico/pico-sdk/src/rp2_common/pico_malloc/pico_malloc.c.obj
                0x0000000010008378                __wrap_free
 .text          0x0000000010008380       0x10 CMakeFiles/pico_rectangle_ult_2ip_with_reac.dir/home/ncauwet/code/pico/pico-sdk/src/rp2_common/pico_mem_ops/mem_ops_aeabi.S.obj
                0x0000000010008380                __aeabi_mem_init
 .text.memset   0x0000000010008390        0xc CMakeFiles/pico_rectangle_ult_2ip_with_reac.dir/home/ncauwet/code/pico/pico-sdk/src/rp2_common/pico_mem_ops/mem_ops_aeabi.S.obj
                0x0000000010008390                __wrap_memset
 .text.memcpy   0x000000001000839c        0xc CMakeFiles/pico_rectangle_ult_2ip_with_reac.dir/home/ncauwet/code/pico/pico-sdk/src/rp2_common/pico_mem_ops/mem_ops_aeabi.S.obj
                0x000000001000839c                __wrap___aeabi_memcpy
                0x000000001000839c                __wrap_memcpy
 .text._Znwj    0x00000000100083a8        0x8 CMakeFiles/pico_rectangle_ult_2ip_with_reac.dir/home/ncauwet/code/pico/pico-sdk/src/rp2_common/pico_standard_link/new_delete.cpp.obj
                0x00000000100083a8                operator new(unsigned int)
 .text._ZdlPv   0x00000000100083b0        0x8 CMakeFiles/pico_rectangle_ult_2ip_with_reac.dir/home/ncauwet/code/pico/pico-sdk/src/rp2_common/pico_standard_link/new_delete.cpp.obj
                0x00000000100083b0                operator delete(void*)
 .text._ZdlPvj  0x00000000100083b8        0x8 CMakeFiles/pico_rectangle_ult_2ip_with_reac.dir/home/ncauwet/code/pico/pico-sdk/src/rp2_common/pico_standard_link/new_delete.cpp.obj
                0x00000000100083b8                operator delete(void*, unsigned int)
 .text.stdio_out_chars_no_crlf
                0x00000000100083c0       0x10 CMakeFiles/pico_rectangle_ult_2ip_with_reac.dir/home/ncauwet/code/pico/pico-sdk/src/rp2_common/pico_stdio/stdio.c.obj
 .text.stdio_out_chars_crlf
                0x00000000100083d0       0xb4 CMakeFiles/pico_rectangle_ult_2ip_with_reac.dir/home/ncauwet/code/pico/pico-sdk/src/rp2_common/pico_stdio/stdio.c.obj
 .text.stdio_put_string.isra.0
                0x0000000010008484       0xfc CMakeFiles/pico_rectangle_ult_2ip_with_reac.dir/home/ncauwet/code/pico/pico-sdk/src/rp2_common/pico_stdio/stdio.c.obj
 .text.__wrap_putchar
                0x0000000010008580       0xa0 CMakeFiles/pico_rectangle_ult_2ip_with_reac.dir/home/ncauwet/code/pico/pico-sdk/src/rp2_common/pico_stdio/stdio.c.obj
                0x0000000010008580                __wrap_putchar
 .text.__wrap_puts
                0x0000000010008620       0x3c CMakeFiles/pico_rectangle_ult_2ip_with_reac.dir/home/ncauwet/code/pico/pico-sdk/src/rp2_common/pico_stdio/stdio.c.obj
                0x0000000010008620                __wrap_puts
 .text.stdio_set_driver_enabled
                0x000000001000865c       0x30 CMakeFiles/pico_rectangle_ult_2ip_with_reac.dir/home/ncauwet/code/pico/pico-sdk/src/rp2_common/pico_stdio/stdio.c.obj
                0x000000001000865c                stdio_set_driver_enabled
 .text.stdio_init_all
                0x000000001000868c        0x8 CMakeFiles/pico_rectangle_ult_2ip_with_reac.dir/home/ncauwet/code/pico/pico-sdk/src/rp2_common/pico_stdio/stdio.c.obj
                0x000000001000868c                stdio_init_all
 .text.stdio_uart_out_chars
                0x0000000010008694       0x4c CMakeFiles/pico_rectangle_ult_2ip_with_reac.dir/home/ncauwet/code/pico/pico-sdk/src/rp2_common/pico_stdio_uart/stdio_uart.c.obj
 .text.stdio_uart_in_chars
                0x00000000100086e0       0x38 CMakeFiles/pico_rectangle_ult_2ip_with_reac.dir/home/ncauwet/code/pico/pico-sdk/src/rp2_common/pico_stdio_uart/stdio_uart.c.obj
                0x00000000100086e0                stdio_uart_in_chars
 .text.stdio_uart_init
                0x0000000010008718       0x48 CMakeFiles/pico_rectangle_ult_2ip_with_reac.dir/home/ncauwet/code/pico/pico-sdk/src/rp2_common/pico_stdio_uart/stdio_uart.c.obj
                0x0000000010008718                stdio_uart_init
 .text.pio_add_program
                0x0000000010008760       0xc8 CMakeFiles/pico_rectangle_ult_2ip_with_reac.dir/home/ncauwet/code/pico/pico-sdk/src/rp2_common/hardware_pio/pio.c.obj
                0x0000000010008760                pio_add_program
 .text.pio_sm_init
                0x0000000010008828       0x90 CMakeFiles/pico_rectangle_ult_2ip_with_reac.dir/home/ncauwet/code/pico/pico-sdk/src/rp2_common/hardware_pio/pio.c.obj
                0x0000000010008828                pio_sm_init
 .text.unlikely._ZSt17__throw_bad_allocv
                0x00000000100088b8       0x20 /usr/lib/gcc/arm-none-eabi/10.3.1/../../../arm-none-eabi/lib/thumb/v6-m/nofp/libstdc++.a(functexcept.o)
                0x00000000100088b8                std::__throw_bad_alloc()
 .text.unlikely._ZSt19__throw_logic_errorPKc
                0x00000000100088d8       0x30 /usr/lib/gcc/arm-none-eabi/10.3.1/../../../arm-none-eabi/lib/thumb/v6-m/nofp/libstdc++.a(functexcept.o)
                0x00000000100088d8                std::__throw_logic_error(char const*)
 .text.unlikely._ZSt20__throw_length_errorPKc
                0x0000000010008908       0x30 /usr/lib/gcc/arm-none-eabi/10.3.1/../../../arm-none-eabi/lib/thumb/v6-m/nofp/libstdc++.a(functexcept.o)
                0x0000000010008908                std::__throw_length_error(char const*)
 .text._ZNKSt17bad_function_call4whatEv
                0x0000000010008938        0x8 /usr/lib/gcc/arm-none-eabi/10.3.1/../../../arm-none-eabi/lib/thumb/v6-m/nofp/libstdc++.a(functional.o)
                0x0000000010008938                std::bad_function_call::what() const
 .text._ZNSt17bad_function_callD2Ev
                0x0000000010008940       0x18 /usr/lib/gcc/arm-none-eabi/10.3.1/../../../arm-none-eabi/lib/thumb/v6-m/nofp/libstdc++.a(functional.o)
                0x0000000010008940                std::bad_function_call::~bad_function_call()
                0x0000000010008940                std::bad_function_call::~bad_function_call()
 .text._ZNSt17bad_function_callD0Ev
                0x0000000010008958       0x1c /usr/lib/gcc/arm-none-eabi/10.3.1/../../../arm-none-eabi/lib/thumb/v6-m/nofp/libstdc++.a(functional.o)
                0x0000000010008958                std::bad_function_call::~bad_function_call()
 .text.unlikely._ZSt25__throw_bad_function_callv
                0x0000000010008974       0x24 /usr/lib/gcc/arm-none-eabi/10.3.1/../../../arm-none-eabi/lib/thumb/v6-m/nofp/libstdc++.a(functional.o)
                0x0000000010008974                std::__throw_bad_function_call()
 .text._ZNKSt9bad_alloc4whatEv
                0x0000000010008998        0x8 /usr/lib/gcc/arm-none-eabi/10.3.1/../../../arm-none-eabi/lib/thumb/v6-m/nofp/libstdc++.a(bad_alloc.o)
                0x0000000010008998                std::bad_alloc::what() const
 .text._ZNSt9bad_allocD2Ev
                0x00000000100089a0       0x18 /usr/lib/gcc/arm-none-eabi/10.3.1/../../../arm-none-eabi/lib/thumb/v6-m/nofp/libstdc++.a(bad_alloc.o)
                0x00000000100089a0                std::bad_alloc::~bad_alloc()
                0x00000000100089a0                std::bad_alloc::~bad_alloc()
 .text._ZNSt9bad_allocD0Ev
                0x00000000100089b8       0x20 /usr/lib/gcc/arm-none-eabi/10.3.1/../../../arm-none-eabi/lib/thumb/v6-m/nofp/libstdc++.a(bad_alloc.o)
                0x00000000100089b8                std::bad_alloc::~bad_alloc()
 .text._ZN12_GLOBAL__N_14pool4freeEPv.constprop.0
                0x00000000100089d8       0x78 /usr/lib/gcc/arm-none-eabi/10.3.1/../../../arm-none-eabi/lib/thumb/v6-m/nofp/libstdc++.a(eh_alloc.o)
 .text._ZN12_GLOBAL__N_14pool8allocateEj.constprop.0
                0x0000000010008a50       0x54 /usr/lib/gcc/arm-none-eabi/10.3.1/../../../arm-none-eabi/lib/thumb/v6-m/nofp/libstdc++.a(eh_alloc.o)
 .text.__cxa_allocate_exception
                0x0000000010008aa4       0x2c /usr/lib/gcc/arm-none-eabi/10.3.1/../../../arm-none-eabi/lib/thumb/v6-m/nofp/libstdc++.a(eh_alloc.o)
                0x0000000010008aa4                __cxa_allocate_exception
 .text.__cxa_free_exception
                0x0000000010008ad0       0x24 /usr/lib/gcc/arm-none-eabi/10.3.1/../../../arm-none-eabi/lib/thumb/v6-m/nofp/libstdc++.a(eh_alloc.o)
                0x0000000010008ad0                __cxa_free_exception
 .text.startup._GLOBAL__sub_I__ZN9__gnu_cxx9__freeresEv
                0x0000000010008af4       0x2c /usr/lib/gcc/arm-none-eabi/10.3.1/../../../arm-none-eabi/lib/thumb/v6-m/nofp/libstdc++.a(eh_alloc.o)
 .text.__cxa_end_cleanup
                0x0000000010008b20        0xc /usr/lib/gcc/arm-none-eabi/10.3.1/../../../arm-none-eabi/lib/thumb/v6-m/nofp/libstdc++.a(eh_arm.o)
                0x0000000010008b20                __cxa_end_cleanup
 .text.__cxa_type_match
                0x0000000010008b2c       0xc0 /usr/lib/gcc/arm-none-eabi/10.3.1/../../../arm-none-eabi/lib/thumb/v6-m/nofp/libstdc++.a(eh_arm.o)
                0x0000000010008b2c                __cxa_type_match
 .text.__cxa_begin_cleanup
                0x0000000010008bec       0x60 /usr/lib/gcc/arm-none-eabi/10.3.1/../../../arm-none-eabi/lib/thumb/v6-m/nofp/libstdc++.a(eh_arm.o)
                0x0000000010008bec                __cxa_begin_cleanup
 .text.__gnu_end_cleanup
                0x0000000010008c4c       0x70 /usr/lib/gcc/arm-none-eabi/10.3.1/../../../arm-none-eabi/lib/thumb/v6-m/nofp/libstdc++.a(eh_arm.o)
                0x0000000010008c4c                __gnu_end_cleanup
 .text._ZNSt9exceptionD2Ev
                0x0000000010008cbc        0x4 /usr/lib/gcc/arm-none-eabi/10.3.1/../../../arm-none-eabi/lib/thumb/v6-m/nofp/libstdc++.a(eh_exception.o)
                0x0000000010008cbc                std::exception::~exception()
                0x0000000010008cbc                std::exception::~exception()
 .text._ZNSt13bad_exceptionD2Ev
                0x0000000010008cc0        0x4 /usr/lib/gcc/arm-none-eabi/10.3.1/../../../arm-none-eabi/lib/thumb/v6-m/nofp/libstdc++.a(eh_exception.o)
                0x0000000010008cc0                std::bad_exception::~bad_exception()
                0x0000000010008cc0                std::bad_exception::~bad_exception()
 .text._ZNKSt13bad_exception4whatEv
                0x0000000010008cc4        0x8 /usr/lib/gcc/arm-none-eabi/10.3.1/../../../arm-none-eabi/lib/thumb/v6-m/nofp/libstdc++.a(eh_exception.o)
                0x0000000010008cc4                transaction clone for std::bad_exception::what() const
                0x0000000010008cc4                std::bad_exception::what() const
 .text._ZNSt13bad_exceptionD0Ev
                0x0000000010008ccc       0x10 /usr/lib/gcc/arm-none-eabi/10.3.1/../../../arm-none-eabi/lib/thumb/v6-m/nofp/libstdc++.a(eh_exception.o)
                0x0000000010008ccc                std::bad_exception::~bad_exception()
 .text.__cxa_get_globals_fast
                0x0000000010008cdc        0x8 /usr/lib/gcc/arm-none-eabi/10.3.1/../../../arm-none-eabi/lib/thumb/v6-m/nofp/libstdc++.a(eh_globals.o)
                0x0000000010008cdc                __cxa_get_globals_fast
 .text.__cxa_get_globals
                0x0000000010008ce4        0x8 /usr/lib/gcc/arm-none-eabi/10.3.1/../../../arm-none-eabi/lib/thumb/v6-m/nofp/libstdc++.a(eh_globals.o)
                0x0000000010008ce4                __cxa_get_globals
 .text._ZL28read_encoded_value_with_basehjPKhPj
                0x0000000010008cec      0x114 /usr/lib/gcc/arm-none-eabi/10.3.1/../../../arm-none-eabi/lib/thumb/v6-m/nofp/libstdc++.a(eh_personality.o)
 .text._ZL21base_of_encoded_valuehP15_Unwind_Context
                0x0000000010008e00       0x48 /usr/lib/gcc/arm-none-eabi/10.3.1/../../../arm-none-eabi/lib/thumb/v6-m/nofp/libstdc++.a(eh_personality.o)
 .text._ZL17parse_lsda_headerP15_Unwind_ContextPKhP16lsda_header_info
                0x0000000010008e48       0x98 /usr/lib/gcc/arm-none-eabi/10.3.1/../../../arm-none-eabi/lib/thumb/v6-m/nofp/libstdc++.a(eh_personality.o)
 .text.__gxx_personality_v0
                0x0000000010008ee0      0x4c8 /usr/lib/gcc/arm-none-eabi/10.3.1/../../../arm-none-eabi/lib/thumb/v6-m/nofp/libstdc++.a(eh_personality.o)
                0x0000000010008ee0                __gxx_personality_v0
 .text._ZN10__cxxabiv111__terminateEPFvvE
                0x00000000100093a8       0x28 /usr/lib/gcc/arm-none-eabi/10.3.1/../../../arm-none-eabi/lib/thumb/v6-m/nofp/libstdc++.a(eh_terminate.o)
                0x00000000100093a8                __cxxabiv1::__terminate(void (*)())
 .text._ZSt9terminatev
                0x00000000100093d0       0x10 /usr/lib/gcc/arm-none-eabi/10.3.1/../../../arm-none-eabi/lib/thumb/v6-m/nofp/libstdc++.a(eh_terminate.o)
                0x00000000100093d0                std::terminate()
 .text._ZN10__cxxabiv112__unexpectedEPFvvE
                0x00000000100093e0        0x8 /usr/lib/gcc/arm-none-eabi/10.3.1/../../../arm-none-eabi/lib/thumb/v6-m/nofp/libstdc++.a(eh_terminate.o)
                0x00000000100093e0                __cxxabiv1::__unexpected(void (*)())
 .text._ZSt10unexpectedv
                0x00000000100093e8       0x10 /usr/lib/gcc/arm-none-eabi/10.3.1/../../../arm-none-eabi/lib/thumb/v6-m/nofp/libstdc++.a(eh_terminate.o)
                0x00000000100093e8                std::unexpected()
 .text._ZSt13get_terminatev
                0x00000000100093f8        0xc /usr/lib/gcc/arm-none-eabi/10.3.1/../../../arm-none-eabi/lib/thumb/v6-m/nofp/libstdc++.a(eh_terminate.o)
                0x00000000100093f8                std::get_terminate()
 .text._ZSt14get_unexpectedv
                0x0000000010009404        0xc /usr/lib/gcc/arm-none-eabi/10.3.1/../../../arm-none-eabi/lib/thumb/v6-m/nofp/libstdc++.a(eh_terminate.o)
                0x0000000010009404                std::get_unexpected()
 .text._ZL23__gxx_exception_cleanup19_Unwind_Reason_CodeP21_Unwind_Control_Block
                0x0000000010009410       0x34 /usr/lib/gcc/arm-none-eabi/10.3.1/../../../arm-none-eabi/lib/thumb/v6-m/nofp/libstdc++.a(eh_throw.o)
 .text.__cxa_init_primary_exception
                0x0000000010009444       0x4c /usr/lib/gcc/arm-none-eabi/10.3.1/../../../arm-none-eabi/lib/thumb/v6-m/nofp/libstdc++.a(eh_throw.o)
                0x0000000010009444                __cxa_init_primary_exception
 .text.__cxa_throw
                0x0000000010009490       0x34 /usr/lib/gcc/arm-none-eabi/10.3.1/../../../arm-none-eabi/lib/thumb/v6-m/nofp/libstdc++.a(eh_throw.o)
                0x0000000010009490                __cxa_throw
 .text.__cxa_rethrow
                0x00000000100094c4       0x70 /usr/lib/gcc/arm-none-eabi/10.3.1/../../../arm-none-eabi/lib/thumb/v6-m/nofp/libstdc++.a(eh_throw.o)
                0x00000000100094c4                __cxa_rethrow
 .text._ZN10__cxxabiv120__si_class_type_infoD2Ev
                0x0000000010009534       0x18 /usr/lib/gcc/arm-none-eabi/10.3.1/../../../arm-none-eabi/lib/thumb/v6-m/nofp/libstdc++.a(si_class_type_info.o)
                0x0000000010009534                __cxxabiv1::__si_class_type_info::~__si_class_type_info()
                0x0000000010009534                __cxxabiv1::__si_class_type_info::~__si_class_type_info()
 .text._ZN10__cxxabiv120__si_class_type_infoD0Ev
                0x000000001000954c       0x20 /usr/lib/gcc/arm-none-eabi/10.3.1/../../../arm-none-eabi/lib/thumb/v6-m/nofp/libstdc++.a(si_class_type_info.o)
                0x000000001000954c                __cxxabiv1::__si_class_type_info::~__si_class_type_info()
 .text._ZNK10__cxxabiv120__si_class_type_info20__do_find_public_srcEiPKvPKNS_17__class_type_infoES2_
                0x000000001000956c       0x38 /usr/lib/gcc/arm-none-eabi/10.3.1/../../../arm-none-eabi/lib/thumb/v6-m/nofp/libstdc++.a(si_class_type_info.o)
                0x000000001000956c                __cxxabiv1::__si_class_type_info::__do_find_public_src(int, void const*, __cxxabiv1::__class_type_info const*, void const*) const
 .text._ZNK10__cxxabiv120__si_class_type_info12__do_dyncastEiNS_17__class_type_info10__sub_kindEPKS1_PKvS4_S6_RNS1_16__dyncast_resultE
                0x00000000100095a4       0x9c /usr/lib/gcc/arm-none-eabi/10.3.1/../../../arm-none-eabi/lib/thumb/v6-m/nofp/libstdc++.a(si_class_type_info.o)
                0x00000000100095a4                __cxxabiv1::__si_class_type_info::__do_dyncast(int, __cxxabiv1::__class_type_info::__sub_kind, __cxxabiv1::__class_type_info const*, void const*, __cxxabiv1::__class_type_info const*, void const*, __cxxabiv1::__class_type_info::__dyncast_result&) const
 .text._ZNK10__cxxabiv120__si_class_type_info11__do_upcastEPKNS_17__class_type_infoEPKvRNS1_15__upcast_resultE
                0x0000000010009640       0x24 /usr/lib/gcc/arm-none-eabi/10.3.1/../../../arm-none-eabi/lib/thumb/v6-m/nofp/libstdc++.a(si_class_type_info.o)
                0x0000000010009640                __cxxabiv1::__si_class_type_info::__do_upcast(__cxxabiv1::__class_type_info const*, void const*, __cxxabiv1::__class_type_info::__upcast_result&) const
 .text._ZNSt9type_infoD2Ev
                0x0000000010009664        0x4 /usr/lib/gcc/arm-none-eabi/10.3.1/../../../arm-none-eabi/lib/thumb/v6-m/nofp/libstdc++.a(tinfo.o)
                0x0000000010009664                std::type_info::~type_info()
                0x0000000010009664                std::type_info::~type_info()
 .text._ZNKSt9type_info14__is_pointer_pEv
                0x0000000010009668        0x4 /usr/lib/gcc/arm-none-eabi/10.3.1/../../../arm-none-eabi/lib/thumb/v6-m/nofp/libstdc++.a(tinfo.o)
                0x0000000010009668                std::type_info::__is_function_p() const
                0x0000000010009668                std::type_info::__is_pointer_p() const
 .text._ZNKSt9type_infoeqERKS_
                0x000000001000966c       0x30 /usr/lib/gcc/arm-none-eabi/10.3.1/../../../arm-none-eabi/lib/thumb/v6-m/nofp/libstdc++.a(tinfo.o)
                0x000000001000966c                std::type_info::operator==(std::type_info const&) const
 .text._ZNKSt11logic_error4whatEv
                0x000000001000969c        0x4 /usr/lib/gcc/arm-none-eabi/10.3.1/../../../arm-none-eabi/lib/thumb/v6-m/nofp/libstdc++.a(stdexcept.o)
                0x000000001000969c                std::runtime_error::what() const
                0x000000001000969c                std::logic_error::what() const
 .text._ZNSt11logic_errorD2Ev
                0x00000000100096a0       0x40 /usr/lib/gcc/arm-none-eabi/10.3.1/../../../arm-none-eabi/lib/thumb/v6-m/nofp/libstdc++.a(stdexcept.o)
                0x00000000100096a0                std::logic_error::~logic_error()
                0x00000000100096a0                std::logic_error::~logic_error()
 .text._ZNSt12length_errorD2Ev
                0x00000000100096e0       0x40 /usr/lib/gcc/arm-none-eabi/10.3.1/../../../arm-none-eabi/lib/thumb/v6-m/nofp/libstdc++.a(stdexcept.o)
                0x00000000100096e0                std::length_error::~length_error()
                0x00000000100096e0                std::length_error::~length_error()
 .text._ZNSt11logic_errorD0Ev
                0x0000000010009720       0x48 /usr/lib/gcc/arm-none-eabi/10.3.1/../../../arm-none-eabi/lib/thumb/v6-m/nofp/libstdc++.a(stdexcept.o)
                0x0000000010009720                std::logic_error::~logic_error()
 .text._ZNSt12length_errorD0Ev
                0x0000000010009768       0x48 /usr/lib/gcc/arm-none-eabi/10.3.1/../../../arm-none-eabi/lib/thumb/v6-m/nofp/libstdc++.a(stdexcept.o)
                0x0000000010009768                std::length_error::~length_error()
 .text._ZNSt11logic_errorC2EPKc
                0x00000000100097b0       0x88 /usr/lib/gcc/arm-none-eabi/10.3.1/../../../arm-none-eabi/lib/thumb/v6-m/nofp/libstdc++.a(cow-stdexcept.o)
                0x00000000100097b0                std::logic_error::logic_error(char const*)
                0x00000000100097b0                std::logic_error::logic_error(char const*)
 .text._ZNSt12length_errorC2EPKc
                0x0000000010009838       0x14 /usr/lib/gcc/arm-none-eabi/10.3.1/../../../arm-none-eabi/lib/thumb/v6-m/nofp/libstdc++.a(cow-stdexcept.o)
                0x0000000010009838                std::length_error::length_error(char const*)
                0x0000000010009838                std::length_error::length_error(char const*)
 .text._ZNSs4_Rep9_S_createEjjRKSaIcE
                0x000000001000984c       0x78 /usr/lib/gcc/arm-none-eabi/10.3.1/../../../arm-none-eabi/lib/thumb/v6-m/nofp/libstdc++.a(cow-string-inst.o)
                0x000000001000984c                std::string::_Rep::_S_create(unsigned int, unsigned int, std::allocator<char> const&)
 .text._ZNSs4_Rep10_M_destroyERKSaIcE
                0x00000000100098c4        0x8 /usr/lib/gcc/arm-none-eabi/10.3.1/../../../arm-none-eabi/lib/thumb/v6-m/nofp/libstdc++.a(cow-string-inst.o)
                0x00000000100098c4                std::string::_Rep::_M_destroy(std::allocator<char> const&)
 .text._ZNK10__cxxabiv117__class_type_info11__do_upcastEPKS0_PPv
                0x00000000100098cc       0x34 /usr/lib/gcc/arm-none-eabi/10.3.1/../../../arm-none-eabi/lib/thumb/v6-m/nofp/libstdc++.a(class_type_info.o)
                0x00000000100098cc                __cxxabiv1::__class_type_info::__do_upcast(__cxxabiv1::__class_type_info const*, void**) const
 .text._ZNK10__cxxabiv117__class_type_info20__do_find_public_srcEiPKvPKS0_S2_
                0x0000000010009900       0x14 /usr/lib/gcc/arm-none-eabi/10.3.1/../../../arm-none-eabi/lib/thumb/v6-m/nofp/libstdc++.a(class_type_info.o)
                0x0000000010009900                __cxxabiv1::__class_type_info::__do_find_public_src(int, void const*, __cxxabiv1::__class_type_info const*, void const*) const
 .text._ZN10__cxxabiv117__class_type_infoD2Ev
                0x0000000010009914       0x18 /usr/lib/gcc/arm-none-eabi/10.3.1/../../../arm-none-eabi/lib/thumb/v6-m/nofp/libstdc++.a(class_type_info.o)
                0x0000000010009914                __cxxabiv1::__class_type_info::~__class_type_info()
                0x0000000010009914                __cxxabiv1::__class_type_info::~__class_type_info()
 .text._ZN10__cxxabiv117__class_type_infoD0Ev
                0x000000001000992c       0x20 /usr/lib/gcc/arm-none-eabi/10.3.1/../../../arm-none-eabi/lib/thumb/v6-m/nofp/libstdc++.a(class_type_info.o)
                0x000000001000992c                __cxxabiv1::__class_type_info::~__class_type_info()
 .text._ZNK10__cxxabiv117__class_type_info12__do_dyncastEiNS0_10__sub_kindEPKS0_PKvS3_S5_RNS0_16__dyncast_resultE
                0x000000001000994c       0x40 /usr/lib/gcc/arm-none-eabi/10.3.1/../../../arm-none-eabi/lib/thumb/v6-m/nofp/libstdc++.a(class_type_info.o)
                0x000000001000994c                __cxxabiv1::__class_type_info::__do_dyncast(int, __cxxabiv1::__class_type_info::__sub_kind, __cxxabiv1::__class_type_info const*, void const*, __cxxabiv1::__class_type_info const*, void const*, __cxxabiv1::__class_type_info::__dyncast_result&) const
 .text._ZNK10__cxxabiv117__class_type_info11__do_upcastEPKS0_PKvRNS0_15__upcast_resultE
                0x000000001000998c       0x1c /usr/lib/gcc/arm-none-eabi/10.3.1/../../../arm-none-eabi/lib/thumb/v6-m/nofp/libstdc++.a(class_type_info.o)
                0x000000001000998c                __cxxabiv1::__class_type_info::__do_upcast(__cxxabiv1::__class_type_info const*, void const*, __cxxabiv1::__class_type_info::__upcast_result&) const
 .text._ZNK10__cxxabiv117__class_type_info10__do_catchEPKSt9type_infoPPvj
                0x00000000100099a8       0x24 /usr/lib/gcc/arm-none-eabi/10.3.1/../../../arm-none-eabi/lib/thumb/v6-m/nofp/libstdc++.a(class_type_info.o)
                0x00000000100099a8                __cxxabiv1::__class_type_info::__do_catch(std::type_info const*, void**, unsigned int) const
 .text._ZN10__cxxabiv1L24__is_gxx_exception_classEPc
                0x00000000100099cc       0x3c /usr/lib/gcc/arm-none-eabi/10.3.1/../../../arm-none-eabi/lib/thumb/v6-m/nofp/libstdc++.a(eh_call.o)
 .text.__cxa_call_terminate
                0x0000000010009a08       0x20 /usr/lib/gcc/arm-none-eabi/10.3.1/../../../arm-none-eabi/lib/thumb/v6-m/nofp/libstdc++.a(eh_call.o)
                0x0000000010009a08                __cxa_call_terminate
 .text.unlikely.__cxa_call_unexpected
                0x0000000010009a28      0x100 /usr/lib/gcc/arm-none-eabi/10.3.1/../../../arm-none-eabi/lib/thumb/v6-m/nofp/libstdc++.a(eh_call.o)
                0x0000000010009a28                __cxa_call_unexpected
 .text.__cxa_begin_catch
                0x0000000010009b28       0x74 /usr/lib/gcc/arm-none-eabi/10.3.1/../../../arm-none-eabi/lib/thumb/v6-m/nofp/libstdc++.a(eh_catch.o)
                0x0000000010009b28                __cxa_begin_catch
 .text.__cxa_end_catch
                0x0000000010009b9c       0x90 /usr/lib/gcc/arm-none-eabi/10.3.1/../../../arm-none-eabi/lib/thumb/v6-m/nofp/libstdc++.a(eh_catch.o)
                0x0000000010009b9c                __cxa_end_catch
 .text          0x0000000010009c2c       0x10 /usr/lib/gcc/arm-none-eabi/10.3.1/../../../arm-none-eabi/lib/thumb/v6-m/nofp/libc.a(lib_a-abort.o)
                0x0000000010009c2c                abort
 .text          0x0000000010009c3c       0x28 /usr/lib/gcc/arm-none-eabi/10.3.1/../../../arm-none-eabi/lib/thumb/v6-m/nofp/libc.a(lib_a-malloc.o)
                0x0000000010009c3c                malloc
                0x0000000010009c50                free
 .text          0x0000000010009c64      0x574 /usr/lib/gcc/arm-none-eabi/10.3.1/../../../arm-none-eabi/lib/thumb/v6-m/nofp/libc.a(lib_a-mallocr.o)
                0x0000000010009c64                _malloc_r
 .text          0x000000001000a1d8        0x8 /usr/lib/gcc/arm-none-eabi/10.3.1/../../../arm-none-eabi/lib/thumb/v6-m/nofp/libc.a(lib_a-mlock.o)
                0x000000001000a1d8                __malloc_lock
                0x000000001000a1dc                __malloc_unlock
 .text          0x000000001000a1e0       0x24 /usr/lib/gcc/arm-none-eabi/10.3.1/../../../arm-none-eabi/lib/thumb/v6-m/nofp/libc.a(lib_a-sbrkr.o)
                0x000000001000a1e0                _sbrk_r
 .text          0x000000001000a204      0x2a0 /usr/lib/gcc/arm-none-eabi/10.3.1/../../../arm-none-eabi/lib/thumb/v6-m/nofp/libc.a(lib_a-signal.o)
                0x000000001000a204                _init_signal_r
                0x000000001000a238                _signal_r
                0x000000001000a290                _raise_r
                0x000000001000a2ec                __sigtramp_r
                0x000000001000a34c                raise
                0x000000001000a3ac                signal
                0x000000001000a400                _init_signal
                0x000000001000a43c                __sigtramp
 .text          0x000000001000a4a4       0x30 /usr/lib/gcc/arm-none-eabi/10.3.1/../../../arm-none-eabi/lib/thumb/v6-m/nofp/libc.a(lib_a-signalr.o)
                0x000000001000a4a4                _kill_r
                0x000000001000a4cc                _getpid_r
 .text          0x000000001000a4d4       0x88 /usr/lib/gcc/arm-none-eabi/10.3.1/../../../arm-none-eabi/lib/thumb/v6-m/nofp/libc.a(lib_a-strcmp.o)
                0x000000001000a4d4                strcmp
 .text          0x000000001000a55c       0x5c /usr/lib/gcc/arm-none-eabi/10.3.1/../../../arm-none-eabi/lib/thumb/v6-m/nofp/libc.a(lib_a-strlen-stub.o)
                0x000000001000a55c                strlen
 .text          0x000000001000a5b8      0x260 /usr/lib/gcc/arm-none-eabi/10.3.1/../../../arm-none-eabi/lib/thumb/v6-m/nofp/libc.a(lib_a-freer.o)
                0x000000001000a5b8                _malloc_trim_r
                0x000000001000a654                _free_r
 .text          0x000000001000a818       0x10 /usr/lib/gcc/arm-none-eabi/10.3.1/../../../arm-none-eabi/lib/thumb/v6-m/nofp/libnosys.a(getpid.o)
                0x000000001000a818                _getpid
 .text          0x000000001000a828       0x10 /usr/lib/gcc/arm-none-eabi/10.3.1/../../../arm-none-eabi/lib/thumb/v6-m/nofp/libnosys.a(kill.o)
                0x000000001000a828                _kill
 *(.fini)
 .fini          0x000000001000a838        0x4 /usr/lib/gcc/arm-none-eabi/10.3.1/thumb/v6-m/nofp/crti.o
                0x000000001000a838                _fini
 *fill*         0x000000001000a83c        0x4 
 .fini.__stub   0x000000001000a840      0x140 linker stubs
 *crtbegin.o(.ctors)
 *crtbegin?.o(.ctors)
 *(EXCLUDE_FILE(*crtend.o *crtend?.o) .ctors)
 *(SORT_BY_NAME(.ctors.*))
 *(.ctors)
 *crtbegin.o(.dtors)
 *crtbegin?.o(.dtors)
 *(EXCLUDE_FILE(*crtend.o *crtend?.o) .dtors)
 *(SORT_BY_NAME(.dtors.*))
 *(.dtors)
 *(.eh_frame*)
 .eh_frame      0x000000001000a980        0x0 /usr/lib/gcc/arm-none-eabi/10.3.1/thumb/v6-m/nofp/crtbegin.o
                0x000000001000a980                . = ALIGN (0x4)

.glue_7         0x000000001000a980        0x0
 .glue_7        0x000000001000a980        0x0 linker stubs

.glue_7t        0x000000001000a980        0x0
 .glue_7t       0x000000001000a980        0x0 linker stubs

.vfp11_veneer   0x000000001000a980        0x0
 .vfp11_veneer  0x000000001000a980        0x0 linker stubs

.v4_bx          0x000000001000a980        0x0
 .v4_bx         0x000000001000a980        0x0 linker stubs

.iplt           0x000000001000a980        0x0
 .iplt          0x000000001000a980        0x0 /usr/lib/gcc/arm-none-eabi/10.3.1/thumb/v6-m/nofp/crtbegin.o

.rodata         0x000000001000a980      0x778
 *(EXCLUDE_FILE(*libm.a: *libc.a:*lib_a-mem*.o *libgcc.a:) .rodata*)
 .rodata.main.str1.4
                0x000000001000a980       0x32 CMakeFiles/pico_rectangle_ult_2ip_with_reac.dir/src/main.cpp.obj
 *fill*         0x000000001000a9b2        0x2 
 .rodata        0x000000001000a9b4        0xd CMakeFiles/pico_rectangle_ult_2ip_with_reac.dir/src/main.cpp.obj
 *fill*         0x000000001000a9c1        0x3 
 .rodata        0x000000001000a9c4        0xa CMakeFiles/pico_rectangle_ult_2ip_with_reac.dir/src/communication_protocols/joybus.cpp.obj
 *fill*         0x000000001000a9ce        0x2 
 .rodata._ZL12save_program
                0x000000001000a9d0        0x6 CMakeFiles/pico_rectangle_ult_2ip_with_reac.dir/src/communication_protocols/joybus.cpp.obj
 *fill*         0x000000001000a9d6        0x2 
 .rodata._ZL25save_program_instructions
                0x000000001000a9d8       0x22 CMakeFiles/pico_rectangle_ult_2ip_with_reac.dir/src/communication_protocols/joybus.cpp.obj
 *fill*         0x000000001000a9fa        0x2 
 .rodata._Z28usb_handle_config_descriptorPV16usb_setup_packet.str1.4
                0x000000001000a9fc       0x12 CMakeFiles/pico_rectangle_ult_2ip_with_reac.dir/src/communication_protocols/usb.cpp.obj
 *fill*         0x000000001000aa0e        0x2 
 .rodata._Z10my_usb_isrv.str1.4
                0x000000001000aa10       0x14 CMakeFiles/pico_rectangle_ult_2ip_with_reac.dir/src/communication_protocols/usb.cpp.obj
 .rodata._ZL15lang_descriptor
                0x000000001000aa24        0x4 CMakeFiles/pico_rectangle_ult_2ip_with_reac.dir/src/communication_protocols/usb.cpp.obj
 .rodata._ZL37xInputSpecificControlRequestResponse1
                0x000000001000aa28       0x14 CMakeFiles/pico_rectangle_ult_2ip_with_reac.dir/src/communication_protocols/usb.cpp.obj
 .rodata._ZL37xInputSpecificControlRequestResponse2
                0x000000001000aa3c        0x8 CMakeFiles/pico_rectangle_ult_2ip_with_reac.dir/src/communication_protocols/usb.cpp.obj
 .rodata._ZL37xInputSpecificControlRequestResponse3
                0x000000001000aa44        0x4 CMakeFiles/pico_rectangle_ult_2ip_with_reac.dir/src/communication_protocols/usb.cpp.obj
 .rodata._ZL46extendedCompatibilityIdFeatureDescriptorWinUSB
                0x000000001000aa48       0x28 CMakeFiles/pico_rectangle_ult_2ip_with_reac.dir/src/communication_protocols/usb.cpp.obj
 .rodata._ZL46extendedCompatibilityIdFeatureDescriptorXInput
                0x000000001000aa70       0x28 CMakeFiles/pico_rectangle_ult_2ip_with_reac.dir/src/communication_protocols/usb.cpp.obj
 .rodata.str1.4
                0x000000001000aa98       0x1f CMakeFiles/pico_rectangle_ult_2ip_with_reac.dir/src/usb_configurations/gcc_to_usb_adapter.cpp.obj
 *fill*         0x000000001000aab7        0x1 
 .rodata        0x000000001000aab8       0x28 CMakeFiles/pico_rectangle_ult_2ip_with_reac.dir/src/usb_configurations/gcc_to_usb_adapter.cpp.obj
 .rodata.str1.4
                0x000000001000aae0       0x32 CMakeFiles/pico_rectangle_ult_2ip_with_reac.dir/src/usb_configurations/hid_with_triggers.cpp.obj
 *fill*         0x000000001000ab12        0x2 
 .rodata.str1.4
                0x000000001000ab14       0x12 CMakeFiles/pico_rectangle_ult_2ip_with_reac.dir/src/usb_configurations/keyboard_8kro.cpp.obj
                                         0x1e (size before relaxing)
 *fill*         0x000000001000ab26        0x2 
 .rodata.str1.4
                0x000000001000ab28       0x59 CMakeFiles/pico_rectangle_ult_2ip_with_reac.dir/src/usb_configurations/wired_fight_pad_pro.cpp.obj
 *fill*         0x000000001000ab81        0x3 
 .rodata._ZN17USBConfigurations16WiredFightPadProL17defaultWFPPReportE
                0x000000001000ab84        0x8 CMakeFiles/pico_rectangle_ult_2ip_with_reac.dir/src/usb_configurations/wired_fight_pad_pro.cpp.obj
 .rodata.str1.4
                0x000000001000ab8c       0x1d CMakeFiles/pico_rectangle_ult_2ip_with_reac.dir/src/usb_configurations/xbox_360.cpp.obj
                                         0x2a (size before relaxing)
 *fill*         0x000000001000aba9        0x3 
 .rodata        0x000000001000abac        0x8 CMakeFiles/pico_rectangle_ult_2ip_with_reac.dir/src/dac_algorithms/melee_F1.cpp.obj
 .rodata        0x000000001000abb4        0x8 CMakeFiles/pico_rectangle_ult_2ip_with_reac.dir/src/dac_algorithms/project_plus_F1.cpp.obj
 .rodata        0x000000001000abbc        0x8 CMakeFiles/pico_rectangle_ult_2ip_with_reac.dir/src/dac_algorithms/ultimate_F1.cpp.obj
 .rodata._ZN16GpioToButtonSets2F1L11pinMappingsE
                0x000000001000abc4       0xa0 CMakeFiles/pico_rectangle_ult_2ip_with_reac.dir/src/gpio_to_button_sets/F1.cpp.obj
 .rodata._ZNSt6vectorImSaImEE17_M_realloc_insertIJRKmEEEvN9__gnu_cxx17__normal_iteratorIPmS1_EEDpOT_.str1.4
                0x000000001000ac64       0x1a CMakeFiles/pico_rectangle_ult_2ip_with_reac.dir/src/other/runtime_remapping_mode.cpp.obj
 *fill*         0x000000001000ac7e        0x2 
 .rodata        0x000000001000ac80       0x60 CMakeFiles/pico_rectangle_ult_2ip_with_reac.dir/src/other/runtime_remapping_mode.cpp.obj
 .rodata.hardware_alarm_claim.str1.4
                0x000000001000ace0       0x22 CMakeFiles/pico_rectangle_ult_2ip_with_reac.dir/home/ncauwet/code/pico/pico-sdk/src/rp2_common/hardware_timer/timer.c.obj
 *fill*         0x000000001000ad02        0x2 
 .rodata.panic.str1.4
                0x000000001000ad04       0x12 CMakeFiles/pico_rectangle_ult_2ip_with_reac.dir/home/ncauwet/code/pico/pico-sdk/src/rp2_common/pico_runtime/runtime.c.obj
 *fill*         0x000000001000ad16        0x2 
 .rodata.hard_assertion_failure.str1.4
                0x000000001000ad18        0xc CMakeFiles/pico_rectangle_ult_2ip_with_reac.dir/home/ncauwet/code/pico/pico-sdk/src/rp2_common/pico_runtime/runtime.c.obj
 .rodata.__wrap_malloc.str1.4
                0x000000001000ad24        0xe CMakeFiles/pico_rectangle_ult_2ip_with_reac.dir/home/ncauwet/code/pico/pico-sdk/src/rp2_common/pico_malloc/pico_malloc.c.obj
 *fill*         0x000000001000ad32        0x2 
 .rodata.str1.4
                0x000000001000ad34       0x58 CMakeFiles/pico_rectangle_ult_2ip_with_reac.dir/home/ncauwet/code/pico/pico-sdk/src/rp2_common/pico_standard_link/binary_info.c.obj
 .rodata.__bi_44
                0x000000001000ad8c        0xc CMakeFiles/pico_rectangle_ult_2ip_with_reac.dir/home/ncauwet/code/pico/pico-sdk/src/rp2_common/pico_standard_link/binary_info.c.obj
 .rodata.__bi_75
                0x000000001000ad98        0xc CMakeFiles/pico_rectangle_ult_2ip_with_reac.dir/home/ncauwet/code/pico/pico-sdk/src/rp2_common/pico_standard_link/binary_info.c.obj
 .rodata.__bi_81
                0x000000001000ada4        0xc CMakeFiles/pico_rectangle_ult_2ip_with_reac.dir/home/ncauwet/code/pico/pico-sdk/src/rp2_common/pico_standard_link/binary_info.c.obj
 .rodata.crlf_str.0
                0x000000001000adb0        0x2 CMakeFiles/pico_rectangle_ult_2ip_with_reac.dir/home/ncauwet/code/pico/pico-sdk/src/rp2_common/pico_stdio/stdio.c.obj
 *fill*         0x000000001000adb2        0x2 
 .rodata.str1.4
                0x000000001000adb4       0x2c CMakeFiles/pico_rectangle_ult_2ip_with_reac.dir/home/ncauwet/code/pico/pico-sdk/src/rp2_common/pico_stdio_uart/stdio_uart.c.obj
 .rodata.__bi_28.4
                0x000000001000ade0        0xc CMakeFiles/pico_rectangle_ult_2ip_with_reac.dir/home/ncauwet/code/pico/pico-sdk/src/rp2_common/pico_stdio_uart/stdio_uart.c.obj
 .rodata.__bi_29.5
                0x000000001000adec        0x8 CMakeFiles/pico_rectangle_ult_2ip_with_reac.dir/home/ncauwet/code/pico/pico-sdk/src/rp2_common/pico_stdio_uart/stdio_uart.c.obj
 .rodata.pio_add_program.str1.4
                0x000000001000adf4       0x11 CMakeFiles/pico_rectangle_ult_2ip_with_reac.dir/home/ncauwet/code/pico/pico-sdk/src/rp2_common/hardware_pio/pio.c.obj
 *fill*         0x000000001000ae05        0x3 
 .rodata._ZNKSt17bad_function_call4whatEv.str1.4
                0x000000001000ae08       0x12 /usr/lib/gcc/arm-none-eabi/10.3.1/../../../arm-none-eabi/lib/thumb/v6-m/nofp/libstdc++.a(functional.o)
 *fill*         0x000000001000ae1a        0x2 
 .rodata._ZTISt17bad_function_call
                0x000000001000ae1c        0xc /usr/lib/gcc/arm-none-eabi/10.3.1/../../../arm-none-eabi/lib/thumb/v6-m/nofp/libstdc++.a(functional.o)
                0x000000001000ae1c                typeinfo for std::bad_function_call
 .rodata._ZTSSt17bad_function_call
                0x000000001000ae28       0x16 /usr/lib/gcc/arm-none-eabi/10.3.1/../../../arm-none-eabi/lib/thumb/v6-m/nofp/libstdc++.a(functional.o)
                0x000000001000ae28                typeinfo name for std::bad_function_call
 *fill*         0x000000001000ae3e        0x2 
 .rodata._ZTVSt17bad_function_call
                0x000000001000ae40       0x14 /usr/lib/gcc/arm-none-eabi/10.3.1/../../../arm-none-eabi/lib/thumb/v6-m/nofp/libstdc++.a(functional.o)
                0x000000001000ae40                vtable for std::bad_function_call
 .rodata._ZNKSt9bad_alloc4whatEv.str1.4
                0x000000001000ae54        0xf /usr/lib/gcc/arm-none-eabi/10.3.1/../../../arm-none-eabi/lib/thumb/v6-m/nofp/libstdc++.a(bad_alloc.o)
 *fill*         0x000000001000ae63        0x1 
 .rodata._ZTISt9bad_alloc
                0x000000001000ae64        0xc /usr/lib/gcc/arm-none-eabi/10.3.1/../../../arm-none-eabi/lib/thumb/v6-m/nofp/libstdc++.a(bad_alloc.o)
                0x000000001000ae64                typeinfo for std::bad_alloc
 .rodata._ZTSSt9bad_alloc
                0x000000001000ae70        0xd /usr/lib/gcc/arm-none-eabi/10.3.1/../../../arm-none-eabi/lib/thumb/v6-m/nofp/libstdc++.a(bad_alloc.o)
                0x000000001000ae70                typeinfo name for std::bad_alloc
 *fill*         0x000000001000ae7d        0x3 
 .rodata._ZTVSt9bad_alloc
                0x000000001000ae80       0x14 /usr/lib/gcc/arm-none-eabi/10.3.1/../../../arm-none-eabi/lib/thumb/v6-m/nofp/libstdc++.a(bad_alloc.o)
                0x000000001000ae80                vtable for std::bad_alloc
 .rodata._ZNKSt13bad_exception4whatEv.str1.4
                0x000000001000ae94       0x13 /usr/lib/gcc/arm-none-eabi/10.3.1/../../../arm-none-eabi/lib/thumb/v6-m/nofp/libstdc++.a(eh_exception.o)
 *fill*         0x000000001000aea7        0x1 
 .rodata._ZTIN10__cxxabiv115__forced_unwindE
                0x000000001000aea8        0x8 /usr/lib/gcc/arm-none-eabi/10.3.1/../../../arm-none-eabi/lib/thumb/v6-m/nofp/libstdc++.a(eh_exception.o)
                0x000000001000aea8                typeinfo for __cxxabiv1::__forced_unwind
 .rodata._ZTIN10__cxxabiv119__foreign_exceptionE
                0x000000001000aeb0        0x8 /usr/lib/gcc/arm-none-eabi/10.3.1/../../../arm-none-eabi/lib/thumb/v6-m/nofp/libstdc++.a(eh_exception.o)
                0x000000001000aeb0                typeinfo for __cxxabiv1::__foreign_exception
 .rodata._ZTISt13bad_exception
                0x000000001000aeb8        0xc /usr/lib/gcc/arm-none-eabi/10.3.1/../../../arm-none-eabi/lib/thumb/v6-m/nofp/libstdc++.a(eh_exception.o)
                0x000000001000aeb8                typeinfo for std::bad_exception
 .rodata._ZTISt9exception
                0x000000001000aec4        0x8 /usr/lib/gcc/arm-none-eabi/10.3.1/../../../arm-none-eabi/lib/thumb/v6-m/nofp/libstdc++.a(eh_exception.o)
                0x000000001000aec4                typeinfo for std::exception
 .rodata._ZTSN10__cxxabiv115__forced_unwindE
                0x000000001000aecc       0x20 /usr/lib/gcc/arm-none-eabi/10.3.1/../../../arm-none-eabi/lib/thumb/v6-m/nofp/libstdc++.a(eh_exception.o)
                0x000000001000aecc                typeinfo name for __cxxabiv1::__forced_unwind
 .rodata._ZTSN10__cxxabiv119__foreign_exceptionE
                0x000000001000aeec       0x24 /usr/lib/gcc/arm-none-eabi/10.3.1/../../../arm-none-eabi/lib/thumb/v6-m/nofp/libstdc++.a(eh_exception.o)
                0x000000001000aeec                typeinfo name for __cxxabiv1::__foreign_exception
 .rodata._ZTSSt13bad_exception
                0x000000001000af10       0x12 /usr/lib/gcc/arm-none-eabi/10.3.1/../../../arm-none-eabi/lib/thumb/v6-m/nofp/libstdc++.a(eh_exception.o)
                0x000000001000af10                typeinfo name for std::bad_exception
 *fill*         0x000000001000af22        0x2 
 .rodata._ZTSSt9exception
                0x000000001000af24        0xd /usr/lib/gcc/arm-none-eabi/10.3.1/../../../arm-none-eabi/lib/thumb/v6-m/nofp/libstdc++.a(eh_exception.o)
                0x000000001000af24                typeinfo name for std::exception
 *fill*         0x000000001000af31        0x3 
 .rodata._ZTVSt13bad_exception
                0x000000001000af34       0x14 /usr/lib/gcc/arm-none-eabi/10.3.1/../../../arm-none-eabi/lib/thumb/v6-m/nofp/libstdc++.a(eh_exception.o)
                0x000000001000af34                vtable for std::bad_exception
 .rodata._ZL28read_encoded_value_with_basehjPKhPj
                0x000000001000af48       0x34 /usr/lib/gcc/arm-none-eabi/10.3.1/../../../arm-none-eabi/lib/thumb/v6-m/nofp/libstdc++.a(eh_personality.o)
 .rodata._ZTIN10__cxxabiv120__si_class_type_infoE
                0x000000001000af7c        0xc /usr/lib/gcc/arm-none-eabi/10.3.1/../../../arm-none-eabi/lib/thumb/v6-m/nofp/libstdc++.a(si_class_type_info.o)
                0x000000001000af7c                typeinfo for __cxxabiv1::__si_class_type_info
 .rodata._ZTSN10__cxxabiv120__si_class_type_infoE
                0x000000001000af88       0x25 /usr/lib/gcc/arm-none-eabi/10.3.1/../../../arm-none-eabi/lib/thumb/v6-m/nofp/libstdc++.a(si_class_type_info.o)
                0x000000001000af88                typeinfo name for __cxxabiv1::__si_class_type_info
 *fill*         0x000000001000afad        0x3 
 .rodata._ZTVN10__cxxabiv120__si_class_type_infoE
                0x000000001000afb0       0x2c /usr/lib/gcc/arm-none-eabi/10.3.1/../../../arm-none-eabi/lib/thumb/v6-m/nofp/libstdc++.a(si_class_type_info.o)
                0x000000001000afb0                vtable for __cxxabiv1::__si_class_type_info
 .rodata._ZTISt9type_info
                0x000000001000afdc        0x8 /usr/lib/gcc/arm-none-eabi/10.3.1/../../../arm-none-eabi/lib/thumb/v6-m/nofp/libstdc++.a(tinfo.o)
                0x000000001000afdc                typeinfo for std::type_info
 .rodata._ZTSSt9type_info
                0x000000001000afe4        0xd /usr/lib/gcc/arm-none-eabi/10.3.1/../../../arm-none-eabi/lib/thumb/v6-m/nofp/libstdc++.a(tinfo.o)
                0x000000001000afe4                typeinfo name for std::type_info
 *fill*         0x000000001000aff1        0x3 
 .rodata._ZTISt11logic_error
                0x000000001000aff4        0xc /usr/lib/gcc/arm-none-eabi/10.3.1/../../../arm-none-eabi/lib/thumb/v6-m/nofp/libstdc++.a(stdexcept.o)
                0x000000001000aff4                typeinfo for std::logic_error
 .rodata._ZTISt12length_error
                0x000000001000b000        0xc /usr/lib/gcc/arm-none-eabi/10.3.1/../../../arm-none-eabi/lib/thumb/v6-m/nofp/libstdc++.a(stdexcept.o)
                0x000000001000b000                typeinfo for std::length_error
 .rodata._ZTSSt11logic_error
                0x000000001000b00c       0x10 /usr/lib/gcc/arm-none-eabi/10.3.1/../../../arm-none-eabi/lib/thumb/v6-m/nofp/libstdc++.a(stdexcept.o)
                0x000000001000b00c                typeinfo name for std::logic_error
 .rodata._ZTSSt12length_error
                0x000000001000b01c       0x11 /usr/lib/gcc/arm-none-eabi/10.3.1/../../../arm-none-eabi/lib/thumb/v6-m/nofp/libstdc++.a(stdexcept.o)
                0x000000001000b01c                typeinfo name for std::length_error
 *fill*         0x000000001000b02d        0x3 
 .rodata._ZTVSt11logic_error
                0x000000001000b030       0x14 /usr/lib/gcc/arm-none-eabi/10.3.1/../../../arm-none-eabi/lib/thumb/v6-m/nofp/libstdc++.a(stdexcept.o)
                0x000000001000b030                vtable for std::logic_error
 .rodata._ZTVSt12length_error
                0x000000001000b044       0x14 /usr/lib/gcc/arm-none-eabi/10.3.1/../../../arm-none-eabi/lib/thumb/v6-m/nofp/libstdc++.a(stdexcept.o)
                0x000000001000b044                vtable for std::length_error
 .rodata._ZNSt11logic_errorC2EPKc.str1.4
                0x000000001000b058       0x2a /usr/lib/gcc/arm-none-eabi/10.3.1/../../../arm-none-eabi/lib/thumb/v6-m/nofp/libstdc++.a(cow-stdexcept.o)
 *fill*         0x000000001000b082        0x2 
 .rodata._ZNSs4_Rep9_S_createEjjRKSaIcE.str1.4
                0x000000001000b084       0x18 /usr/lib/gcc/arm-none-eabi/10.3.1/../../../arm-none-eabi/lib/thumb/v6-m/nofp/libstdc++.a(cow-string-inst.o)
 .rodata._ZTIN10__cxxabiv117__class_type_infoE
                0x000000001000b09c        0xc /usr/lib/gcc/arm-none-eabi/10.3.1/../../../arm-none-eabi/lib/thumb/v6-m/nofp/libstdc++.a(class_type_info.o)
                0x000000001000b09c                typeinfo for __cxxabiv1::__class_type_info
 .rodata._ZTSN10__cxxabiv117__class_type_infoE
                0x000000001000b0a8       0x22 /usr/lib/gcc/arm-none-eabi/10.3.1/../../../arm-none-eabi/lib/thumb/v6-m/nofp/libstdc++.a(class_type_info.o)
                0x000000001000b0a8                typeinfo name for __cxxabiv1::__class_type_info
 *fill*         0x000000001000b0ca        0x2 
 .rodata._ZTVN10__cxxabiv117__class_type_infoE
                0x000000001000b0cc       0x2c /usr/lib/gcc/arm-none-eabi/10.3.1/../../../arm-none-eabi/lib/thumb/v6-m/nofp/libstdc++.a(class_type_info.o)
                0x000000001000b0cc                vtable for __cxxabiv1::__class_type_info
                0x000000001000b0f8                . = ALIGN (0x4)
 *(SORT_BY_ALIGNMENT(SORT_BY_NAME(.flashdata*)))
                0x000000001000b0f8                . = ALIGN (0x4)

.ARM.extab      0x000000001000b0f8      0x118
 *(.ARM.extab* .gnu.linkonce.armextab.*)
 .ARM.extab.text.unlikely._ZSt19__throw_logic_errorPKc
                0x000000001000b0f8       0x14 /usr/lib/gcc/arm-none-eabi/10.3.1/../../../arm-none-eabi/lib/thumb/v6-m/nofp/libstdc++.a(functexcept.o)
 .ARM.extab.text.unlikely._ZSt20__throw_length_errorPKc
                0x000000001000b10c       0x14 /usr/lib/gcc/arm-none-eabi/10.3.1/../../../arm-none-eabi/lib/thumb/v6-m/nofp/libstdc++.a(functexcept.o)
 .ARM.extab.text.__cxa_type_match
                0x000000001000b120        0xc /usr/lib/gcc/arm-none-eabi/10.3.1/../../../arm-none-eabi/lib/thumb/v6-m/nofp/libstdc++.a(eh_arm.o)
 .ARM.extab.text._ZL28read_encoded_value_with_basehjPKhPj
                0x000000001000b12c        0xc /usr/lib/gcc/arm-none-eabi/10.3.1/../../../arm-none-eabi/lib/thumb/v6-m/nofp/libstdc++.a(eh_personality.o)
 .ARM.extab.text.__gxx_personality_v0
                0x000000001000b138       0x28 /usr/lib/gcc/arm-none-eabi/10.3.1/../../../arm-none-eabi/lib/thumb/v6-m/nofp/libstdc++.a(eh_personality.o)
 .ARM.extab.text._ZN10__cxxabiv111__terminateEPFvvE
                0x000000001000b160       0x28 /usr/lib/gcc/arm-none-eabi/10.3.1/../../../arm-none-eabi/lib/thumb/v6-m/nofp/libstdc++.a(eh_terminate.o)
 .ARM.extab.text._ZNK10__cxxabiv120__si_class_type_info12__do_dyncastEiNS_17__class_type_info10__sub_kindEPKS1_PKvS4_S6_RNS1_16__dyncast_resultE
                0x000000001000b188        0xc /usr/lib/gcc/arm-none-eabi/10.3.1/../../../arm-none-eabi/lib/thumb/v6-m/nofp/libstdc++.a(si_class_type_info.o)
 .ARM.extab.text._ZNSt11logic_errorC2EPKc
                0x000000001000b194       0x18 /usr/lib/gcc/arm-none-eabi/10.3.1/../../../arm-none-eabi/lib/thumb/v6-m/nofp/libstdc++.a(cow-stdexcept.o)
 .ARM.extab.text._ZNSs4_Rep9_S_createEjjRKSaIcE
                0x000000001000b1ac        0x0 /usr/lib/gcc/arm-none-eabi/10.3.1/../../../arm-none-eabi/lib/thumb/v6-m/nofp/libstdc++.a(cow-string-inst.o)
 .ARM.extab.text._ZNSs4_Rep10_M_destroyERKSaIcE
                0x000000001000b1ac        0x0 /usr/lib/gcc/arm-none-eabi/10.3.1/../../../arm-none-eabi/lib/thumb/v6-m/nofp/libstdc++.a(cow-string-inst.o)
 .ARM.extab.text.unlikely.__cxa_call_unexpected
                0x000000001000b1ac       0x28 /usr/lib/gcc/arm-none-eabi/10.3.1/../../../arm-none-eabi/lib/thumb/v6-m/nofp/libstdc++.a(eh_call.o)
 .ARM.extab.text.__cxa_begin_catch
                0x000000001000b1d4        0xc /usr/lib/gcc/arm-none-eabi/10.3.1/../../../arm-none-eabi/lib/thumb/v6-m/nofp/libstdc++.a(eh_catch.o)
 .ARM.extab     0x000000001000b1e0       0x24 /usr/lib/gcc/arm-none-eabi/10.3.1/thumb/v6-m/nofp/libgcc.a(unwind-arm.o)
 .ARM.extab     0x000000001000b204        0xc /usr/lib/gcc/arm-none-eabi/10.3.1/thumb/v6-m/nofp/libgcc.a(pr-support.o)
                0x000000001000b210                __exidx_start = .

.ARM.exidx      0x000000001000b210      0x1e0
 *(.ARM.exidx* .gnu.linkonce.armexidx.*)
 .ARM.exidx.text.unlikely._ZSt17__throw_bad_allocv
                0x000000001000b210        0x8 /usr/lib/gcc/arm-none-eabi/10.3.1/../../../arm-none-eabi/lib/thumb/v6-m/nofp/libstdc++.a(functexcept.o)
 .ARM.exidx.text.unlikely._ZSt19__throw_logic_errorPKc
                0x000000001000b218        0x8 /usr/lib/gcc/arm-none-eabi/10.3.1/../../../arm-none-eabi/lib/thumb/v6-m/nofp/libstdc++.a(functexcept.o)
 .ARM.exidx.text.unlikely._ZSt20__throw_length_errorPKc
                0x000000001000b220        0x8 /usr/lib/gcc/arm-none-eabi/10.3.1/../../../arm-none-eabi/lib/thumb/v6-m/nofp/libstdc++.a(functexcept.o)
 .ARM.exidx.text._ZNKSt17bad_function_call4whatEv
                0x000000001000b228        0x8 /usr/lib/gcc/arm-none-eabi/10.3.1/../../../arm-none-eabi/lib/thumb/v6-m/nofp/libstdc++.a(functional.o)
 .ARM.exidx.text._ZNSt17bad_function_callD2Ev
                0x000000001000b230        0x0 /usr/lib/gcc/arm-none-eabi/10.3.1/../../../arm-none-eabi/lib/thumb/v6-m/nofp/libstdc++.a(functional.o)
                                          0x8 (size before relaxing)
 .ARM.exidx.text._ZNSt17bad_function_callD0Ev
                0x000000001000b230        0x0 /usr/lib/gcc/arm-none-eabi/10.3.1/../../../arm-none-eabi/lib/thumb/v6-m/nofp/libstdc++.a(functional.o)
                                          0x8 (size before relaxing)
 .ARM.exidx.text.unlikely._ZSt25__throw_bad_function_callv
                0x000000001000b230        0x8 /usr/lib/gcc/arm-none-eabi/10.3.1/../../../arm-none-eabi/lib/thumb/v6-m/nofp/libstdc++.a(functional.o)
 .ARM.exidx.text._ZNKSt9bad_alloc4whatEv
                0x000000001000b238        0x8 /usr/lib/gcc/arm-none-eabi/10.3.1/../../../arm-none-eabi/lib/thumb/v6-m/nofp/libstdc++.a(bad_alloc.o)
 .ARM.exidx.text._ZNSt9bad_allocD2Ev
                0x000000001000b240        0x0 /usr/lib/gcc/arm-none-eabi/10.3.1/../../../arm-none-eabi/lib/thumb/v6-m/nofp/libstdc++.a(bad_alloc.o)
                                          0x8 (size before relaxing)
 .ARM.exidx.text._ZNSt9bad_allocD0Ev
                0x000000001000b240        0x0 /usr/lib/gcc/arm-none-eabi/10.3.1/../../../arm-none-eabi/lib/thumb/v6-m/nofp/libstdc++.a(bad_alloc.o)